Microchip MPLAB XC8 Compiler V2.36

Linker command line:

-W-3 --edf=C:\Program Files\Microchip\xc8\v2.36\pic\dat\en_msgs.txt -cn \
  -h+dist/default/production\I2c_SimpleRead.X.production.sym \
  --cmf=dist/default/production\I2c_SimpleRead.X.production.cmf -z \
  -Q18F47Q10 -oC:\Users\C07957\AppData\Local\Temp\xcAs9d4.4 \
  --defsym=__MPLAB_BUILD=1 \
  -Mdist/default/production/I2c_SimpleRead.X.production.map \
  --md=C:\Users\C07957\AppData\Local\Temp\xcAs9d4.dat -E1 -ver=XC8 Compiler \
  --acfsm=1493 -ACODE=00h-01FFFFh -ACONST=00h-01FFFFh \
  -ASMALLCONST=0F00h-0FFFhx497 -AMEDIUMCONST=0F00h-0FFFFh,010F00h-01FFFFh \
  -ACOMRAM=01h-05Fh -AABS1=00h-0CFFh,0E00h-0E1Eh \
  -ABIGRAM=01h-0CFFh,0E00h-0E1Eh -ARAM=060h-0FFh,0100h-01FFhx12,0E00h-0E1Eh \
  -ABANK0=060h-0FFh -ABANK1=0100h-01FFh -ABANK2=0200h-02FFh \
  -ABANK3=0300h-03FFh -ABANK4=0400h-04FFh -ABANK5=0500h-05FFh \
  -ABANK6=0600h-06FFh -ABANK7=0700h-07FFh -ABANK8=0800h-08FFh \
  -ABANK9=0900h-09FFh -ABANK10=0A00h-0AFFh -ABANK11=0B00h-0BFFh \
  -ABANK12=0C00h-0CFFh -ABANK14=0E00h-0E1Eh \
  -ASFR=0D00h-0DFFh,0E1Fh-0EFFh,0F00h-0F5Fh,0F60h-0FFFh \
  -ABIGSFR=0D00h-0DFFh,0E1Fh-0FFFh -ACONFIG=0300000h-030000Bh \
  -AIDLOC=0200000h-02000FFh -AEEDATA=0310000h-03103FFh -peeprom_data=EEDATA \
  -preset_vec=00h,intcode,intcodelo,powerup,init -pramtop=0F00h \
  -psmallconst=SMALLCONST -pmediumconst=MEDIUMCONST -pconst=CONST \
  -AFARRAM=00h-00h \
  -prdata=COMRAM,nvrram=COMRAM,nvbit=COMRAM,rbss=COMRAM,rbit=COMRAM \
  -pfarbss=FARRAM,fardata=FARRAM,nvFARRAM=FARRAM \
  -pintsave_regs=BIGRAM,bigbss=BIGRAM,bigdata=BIGRAM -pbss=RAM \
  -pidata=CODE,irdata=CODE,ibigdata=CODE,ifardata=CODE -prparam=COMRAM \
  C:\Users\C07957\AppData\Local\Temp\xcAs9d4.o \
  dist/default/production\I2c_SimpleRead.X.production.o 

Object code version is 3.11

Machine type is 18F47Q10



                Name                               Link     Load   Length Selector   Space Scale
C:\Users\C07957\AppData\Local\Temp\xcAs9d4.o
                idloc                            200000   200000      100        0       5
                config                           300000   300000        C        0       4
                init                                  0        0        4        0       0
dist/default/production\I2c_SimpleRead.X.production.o
                idloc                            200000   200000      100        0       5
                config                           300000   300000        C        0       4
                smallconst                          F00      F00       5A      780       0
                text75                             20C6     20C6        E      7AD       0
                text74                             20B8     20B8        E      7AD       0
                text73                             20AA     20AA        E      7AD       0
                text72                             1BDA     1BDA       4E      7AD       0
                text71                             2052     2052       14      7AD       0
                text70                             2010     2010       18      7AD       0
                text69                             182C     182C       96      7AD       0
                text68                             1FDC     1FDC       1C      7AD       0
                text67                             2028     2028       16      7AD       0
                text66                             2162     2162        6      7AD       0
                text65                             2184     2184        4      7AD       0
                text64                             215C     215C        6      7AD       0
                text63                             1EEE     1EEE       2C      7AD       0
                text62                             2180     2180        4      7AD       0
                text61                             217C     217C        4      7AD       0
                text60                             2178     2178        4      7AD       0
                text59                             1F40     1F40       24      7AD       0
                text58                             1948     1948       84      7AD       0
                text57                             1FC0     1FC0       1C      7AD       0
                text56                             1EBE     1EBE       30      7AD       0
                text55                             1E8E     1E8E       30      7AD       0
                text54                             1E5E     1E5E       30      7AD       0
                text53                             1E2E     1E2E       30      7AD       0
                text52                             1DFE     1DFE       30      7AD       0
                text51                             1CF4     1CF4       44      7AD       0
                text50                             1DCE     1DCE       30      7AD       0
                text49                             1D9E     1D9E       30      7AD       0
                text48                             1D6E     1D6E       30      7AD       0
                text47                             1CB0     1CB0       44      7AD       0
                text46                             2174     2174        4      7AD       0
                text45                             2170     2170        4      7AD       0
                text44                             216C     216C        4      7AD       0
                text43                             2156     2156        6      7AD       0
                text42                             2168     2168        4      7AD       0
                text41                             2150     2150        6      7AD       0
                text40                             2142     2142        8      7AD       0
                text39                             203E     203E       14      7AD       0
                text38                             214A     214A        6      7AD       0
                text37                             19CC     19CC       7E      7AD       0
                text36                             20EC     20EC        C      7AD       0
                text35                             209A     209A       10      7AD       0
                text34                             208A     208A       10      7AD       0
                text33                             14BE     14BE       C8      7AD       0
                text32                             164C     164C       A8      7AD       0
                text31                             20E0     20E0        C      7AD       0
                text30                             213A     213A        8      7AD       0
                text29                             2132     2132        8      7AD       0
                text28                             212A     212A        8      7AD       0
                text27                             2122     2122        8      7AD       0
                text26                             211A     211A        8      7AD       0
                text25                             2112     2112        8      7AD       0
                text24                             210A     210A        8      7AD       0
                text23                             20D4     20D4        C      7AD       0
                text22                             1AB6     1AB6       6C      7AD       0
                text21                             1A4A     1A4A       6C      7AD       0
                text20                             2078     2078       12      7AD       0
                text19                             1F86     1F86       1E      7AD       0
                text18                             1C6C     1C6C       44      7AD       0
                text17                             2102     2102        8      7AD       0
                text16                             1F64     1F64       22      7AD       0
                text15                             16F4     16F4       A2      7AD       0
                text14                             1FA4     1FA4       1C      7AD       0
                text13                             18C2     18C2       86      7AD       0
                text12                             12FE     12FE       F0      7AD       0
                text11                             13EE     13EE       D0      7AD       0
                text10                             1FF8     1FF8       18      7AD       0
                text9                              20F8     20F8        A      7AD       0
                text8                              1796     1796       96      7AD       0
                text7                              1C28     1C28       44      7AD       0
                text6                              1D38     1D38       36      7AD       0
                text5                              1586     1586       C6      7AD       0
                text4                               F5A      F5A      202      7AD       0
                text3                              115C     115C      1A2      7AD       0
                text2                              1B22     1B22       66      7AD       0
                text1                              1F1A     1F1A       26      7AD       0
                text0                              1B88     1B88       52      7AD       0
                cstackCOMRAM                          1        1       5F        1       1
                cstackBANK0                          BC       BC        3       60       1
                bssBANK0                             60       60       53       60       1
                cinit                              2066     2066       12      7AD       0
                nvBANK0                              B3       B3        9       60       1

TOTAL           Name                               Link     Load   Length     Space
        CLASS   CODE           
                init                                  0        0        4         0
                text75                             20C6     20C6        E         0
                text74                             20B8     20B8        E         0
                text73                             20AA     20AA        E         0
                text72                             1BDA     1BDA       4E         0
                text71                             2052     2052       14         0
                text70                             2010     2010       18         0
                text69                             182C     182C       96         0
                text68                             1FDC     1FDC       1C         0
                text67                             2028     2028       16         0
                text66                             2162     2162        6         0
                text65                             2184     2184        4         0
                text64                             215C     215C        6         0
                text63                             1EEE     1EEE       2C         0
                text62                             2180     2180        4         0
                text61                             217C     217C        4         0
                text60                             2178     2178        4         0
                text59                             1F40     1F40       24         0
                text58                             1948     1948       84         0
                text57                             1FC0     1FC0       1C         0
                text56                             1EBE     1EBE       30         0
                text55                             1E8E     1E8E       30         0
                text54                             1E5E     1E5E       30         0
                text53                             1E2E     1E2E       30         0
                text52                             1DFE     1DFE       30         0
                text51                             1CF4     1CF4       44         0
                text50                             1DCE     1DCE       30         0
                text49                             1D9E     1D9E       30         0
                text48                             1D6E     1D6E       30         0
                text47                             1CB0     1CB0       44         0
                text46                             2174     2174        4         0
                text45                             2170     2170        4         0
                text44                             216C     216C        4         0
                text43                             2156     2156        6         0
                text42                             2168     2168        4         0
                text41                             2150     2150        6         0
                text40                             2142     2142        8         0
                text39                             203E     203E       14         0
                text38                             214A     214A        6         0
                text37                             19CC     19CC       7E         0
                text36                             20EC     20EC        C         0
                text35                             209A     209A       10         0
                text34                             208A     208A       10         0
                text33                             14BE     14BE       C8         0
                text32                             164C     164C       A8         0
                text31                             20E0     20E0        C         0
                text30                             213A     213A        8         0
                text29                             2132     2132        8         0
                text28                             212A     212A        8         0
                text27                             2122     2122        8         0
                text26                             211A     211A        8         0
                text25                             2112     2112        8         0
                text24                             210A     210A        8         0
                text23                             20D4     20D4        C         0
                text22                             1AB6     1AB6       6C         0
                text21                             1A4A     1A4A       6C         0
                text20                             2078     2078       12         0
                text19                             1F86     1F86       1E         0
                text18                             1C6C     1C6C       44         0
                text17                             2102     2102        8         0
                text16                             1F64     1F64       22         0
                text15                             16F4     16F4       A2         0
                text14                             1FA4     1FA4       1C         0
                text13                             18C2     18C2       86         0
                text12                             12FE     12FE       F0         0
                text11                             13EE     13EE       D0         0
                text10                             1FF8     1FF8       18         0
                text9                              20F8     20F8        A         0
                text8                              1796     1796       96         0
                text7                              1C28     1C28       44         0
                text6                              1D38     1D38       36         0
                text5                              1586     1586       C6         0
                text4                               F5A      F5A      202         0
                text3                              115C     115C      1A2         0
                text2                              1B22     1B22       66         0
                text1                              1F1A     1F1A       26         0
                text0                              1B88     1B88       52         0
                cinit                              2066     2066       12         0

        CLASS   CONST          

        CLASS   SMALLCONST     
                smallconst                          F00      F00       5A         0

        CLASS   MEDIUMCONST    

        CLASS   COMRAM         
                cstackCOMRAM                          1        1       5F         1

        CLASS   ABS1           

        CLASS   BIGRAM         

        CLASS   RAM            

        CLASS   BANK0          
                cstackBANK0                          BC       BC        3         1
                bssBANK0                             60       60       53         1
                nvBANK0                              B3       B3        9         1

        CLASS   BANK1          

        CLASS   BANK2          

        CLASS   BANK3          

        CLASS   BANK4          

        CLASS   BANK5          

        CLASS   BANK6          

        CLASS   BANK7          

        CLASS   BANK8          

        CLASS   BANK9          

        CLASS   BANK10         

        CLASS   BANK11         

        CLASS   BANK12         

        CLASS   BANK14         

        CLASS   SFR            

        CLASS   BIGSFR         

        CLASS   CONFIG         
                config                           300000   300000        C         4

        CLASS   IDLOC          
                idloc                            200000   200000      100         5

        CLASS   EEDATA         

        CLASS   FARRAM         

        CLASS   HEAP           

        CLASS   STACK          



SEGMENTS        Name                           Load    Length   Top    Selector   Space  Class

                reset_vec                      000000  000004  000004         0       0  CODE    
                cstackCOMRAM                   000001  00005F  000060         1       1  COMRAM  
                bssBANK0                       000060  00005F  0000BF        60       1  BANK0   
                smallconst                     000F00  00005A  000F5A       780       0  SMALLCON
                text4                          000F5A  00122E  002188       7AD       0  CODE    


UNUSED ADDRESS RANGES

        Name                Unused          Largest block    Delta
        BANK0            0000BF-0000FF               41
        BANK1            000100-0001FF              100
        BANK10           000A00-000AFF              100
        BANK11           000B00-000BFF              100
        BANK12           000C00-000CFF              100
        BANK14           000E00-000E1E               1F
        BANK2            000200-0002FF              100
        BANK3            000300-0003FF              100
        BANK4            000400-0004FF              100
        BANK5            000500-0005FF              100
        BANK6            000600-0006FF              100
        BANK7            000700-0007FF              100
        BANK8            000800-0008FF              100
        BANK9            000900-0009FF              100
        BIGRAM           0000BF-000CFF              C41
                         000E00-000E1E               1F
        BIGSFR           000D00-000DFF              100
                         000E1F-000FFF              1E1
        CODE             000004-000EFF              EFC
                         002188-01FFFF            1DE78
        CONST            000004-000EFF              EFC
                         002188-01FFFF            1DE78
        EEDATA           310000-3103FF              400
        MEDIUMCONST      002188-00FFFF             DE78
                         010F00-01FFFF             F100
        RAM              0000BF-000CFF              100
                         000E00-000E1E               1F
        SFR              000D00-000DFF              100
                         000E1F-000FFF               E1
        SMALLCONST       002188-01FFFF              100

                                  Symbol Table

?___lodiv                                                 cstackCOMRAM 000001
?___lomod                                                 cstackCOMRAM 000001
?_i2c_read2ByteRegister                                   cstackCOMRAM 000012
?_pad                                                     cstackCOMRAM 000013
?_printf                                                  cstackCOMRAM 000058
?_strlen                                                  cstackCOMRAM 000001
?_utoa                                                    cstackCOMRAM 00001E
?_vfpfcnvrt                                               cstackCOMRAM 00003E
?_vfprintf                                                cstackCOMRAM 000050
EUSART2_SetErrorHandler@interruptHandler                  cstackCOMRAM 000001
EUSART2_SetFramingErrorHandler@interruptHandler           cstackCOMRAM 000001
EUSART2_SetOverrunErrorHandler@interruptHandler           cstackCOMRAM 000001
EUSART2_Write@txData                                      cstackCOMRAM 000001
I2C1_CallbackReturnReset@funPtr                           cstackCOMRAM 00000C
I2C1_Close@returnValue                                    cstackCOMRAM 000001
I2C1_MasterOperation@read                                 cstackCOMRAM 000010
I2C1_MasterOperation@returnValue                          cstackCOMRAM 000011
I2C1_MasterSendTxData@data                                cstackCOMRAM 000001
I2C1_Open@address                                         cstackCOMRAM 000001
I2C1_Open@returnValue                                     cstackCOMRAM 000002
I2C1_SetAddressNackCallback@cb                            cstackCOMRAM 000007
I2C1_SetAddressNackCallback@ptr                           cstackCOMRAM 00000A
I2C1_SetBuffer@buffer                                     cstackCOMRAM 000001
I2C1_SetBuffer@bufferSize                                 cstackCOMRAM 000003
I2C1_SetCallback@cb                                       cstackCOMRAM 000001
I2C1_SetCallback@idx                                      cstackCOMRAM 000006
I2C1_SetCallback@ptr                                      cstackCOMRAM 000004
I2C1_SetDataCompleteCallback@cb                           cstackCOMRAM 000007
I2C1_SetDataCompleteCallback@ptr                          cstackCOMRAM 00000A
_ANSELA                                                   (abs)        000F0C
_ANSELB                                                   (abs)        000F14
_ANSELC                                                   (abs)        000F1C
_ANSELD                                                   (abs)        000F21
_ANSELE                                                   (abs)        000F29
_BAUD2CON                                                 (abs)        000E9A
_EUSART2_DefaultErrorHandler                              (abs)        000000
_EUSART2_DefaultFramingErrorHandler                       (abs)        000000
_EUSART2_DefaultOverrunErrorHandler                       (abs)        000000
_EUSART2_ErrorHandler                                     nvBANK0      0000B3
_EUSART2_FramingErrorHandler                              nvBANK0      0000B9
_EUSART2_Initialize                                       text72       001BDA
_EUSART2_OverrunErrorHandler                              nvBANK0      0000B6
_EUSART2_SetErrorHandler                                  text75       0020C6
_EUSART2_SetFramingErrorHandler                           text74       0020B8
_EUSART2_SetOverrunErrorHandler                           text73       0020AA
_EUSART2_Write                                            text10       001FF8
_I2C1_CallbackReturnReset                                 text45       002170
_I2C1_CallbackReturnStop                                  text46       002174
_I2C1_Close                                               text63       001EEE
_I2C1_DO_ADDRESS_NACK                                     text22       001AB6
_I2C1_DO_IDLE                                             text36       0020EC
_I2C1_DO_RCEN                                             text31       0020E0
_I2C1_DO_RESET                                            text23       0020D4
_I2C1_DO_RX                                               text32       00164C
_I2C1_DO_RX_ACK                                           text26       00211A
_I2C1_DO_RX_NACK_RESTART                                  text24       00210A
_I2C1_DO_RX_NACK_STOP                                     text25       002112
_I2C1_DO_SEND_ADR_READ                                    text35       00209A
_I2C1_DO_SEND_ADR_WRITE                                   text34       00208A
_I2C1_DO_SEND_RESTART                                     text28       00212A
_I2C1_DO_SEND_RESTART_READ                                text30       00213A
_I2C1_DO_SEND_RESTART_WRITE                               text29       002132
_I2C1_DO_SEND_STOP                                        text27       002122
_I2C1_DO_TX                                               text33       0014BE
_I2C1_DO_TX_EMPTY                                         text37       0019CC
_I2C1_Initialize                                          text71       002052
_I2C1_MasterClearIrq                                      text66       002162
_I2C1_MasterClose                                         text65       002184
_I2C1_MasterDisableIrq                                    text64       00215C
_I2C1_MasterEnableRestart                                 text61       00217C
_I2C1_MasterFsm                                           text21       001A4A
_I2C1_MasterGetRxData                                     text42       002168
_I2C1_MasterIsNack                                        text39       00203E
_I2C1_MasterOpen                                          text16       001F64
_I2C1_MasterOperation                                     text18       001C6C
_I2C1_MasterSendAck                                       text41       002150
_I2C1_MasterSendNack                                      text43       002156
_I2C1_MasterSendTxData                                    text40       002142
_I2C1_MasterSetIrq                                        text38       00214A
_I2C1_MasterStart                                         text62       002180
_I2C1_MasterStartRx                                       text44       00216C
_I2C1_MasterStop                                          text60       002178
_I2C1_MasterWaitForEvent                                  text20       002078
_I2C1_MasterWrite                                         text17       002102
_I2C1_Open                                                text15       0016F4
_I2C1_Poller                                              text19       001F86
_I2C1_SetAddressNackCallback                              text14       001FA4
_I2C1_SetBuffer                                           text59       001F40
_I2C1_SetCallback                                         text58       001948
_I2C1_SetDataCompleteCallback                             text57       001FC0
_I2C1_Status                                              bssBANK0     000060
_INLVLA                                                   (abs)        000F08
_INLVLB                                                   (abs)        000F10
_INLVLC                                                   (abs)        000F18
_INLVLD                                                   (abs)        000F1D
_INLVLE                                                   (abs)        000F25
_LATA                                                     (abs)        000F82
_LATB                                                     (abs)        000F83
_LATC                                                     (abs)        000F84
_LATD                                                     (abs)        000F85
_LATE                                                     (abs)        000F86
_ODCONA                                                   (abs)        000F0A
_ODCONB                                                   (abs)        000F12
_ODCONC                                                   (abs)        000F1A
_ODCOND                                                   (abs)        000F1F
_ODCONE                                                   (abs)        000F27
_OSCCON1                                                  (abs)        000ED3
_OSCCON3                                                  (abs)        000ED5
_OSCEN                                                    (abs)        000ED7
_OSCFRQ                                                   (abs)        000ED9
_OSCILLATOR_Initialize                                    text70       002010
_OSCTUNE                                                  (abs)        000ED8
_PIE3bits                                                 (abs)        000EC0
_PIN_MANAGER_Initialize                                   text69       00182C
_PIR3bits                                                 (abs)        000EC8
_PMD0                                                     (abs)        000EDC
_PMD1                                                     (abs)        000EDD
_PMD2                                                     (abs)        000EDE
_PMD3                                                     (abs)        000EDF
_PMD4                                                     (abs)        000EE0
_PMD5                                                     (abs)        000EE1
_PMD_Initialize                                           text68       001FDC
_RB1PPS                                                   (abs)        000EEB
_RB2PPS                                                   (abs)        000EEC
_RB6PPS                                                   (abs)        000EF0
_RC2REG                                                   (abs)        000E94
_RC2STA                                                   (abs)        000E98
_RC2STAbits                                               (abs)        000E98
_RD0PPS                                                   (abs)        000EFA
_RX2PPS                                                   (abs)        000E88
_SLRCONA                                                  (abs)        000F09
_SLRCONB                                                  (abs)        000F11
_SLRCONC                                                  (abs)        000F19
_SLRCOND                                                  (abs)        000F1E
_SLRCONE                                                  (abs)        000F26
_SP2BRGH                                                  (abs)        000E97
_SP2BRGL                                                  (abs)        000E96
_SSP1ADD                                                  (abs)        000F92
_SSP1BUF                                                  (abs)        000F91
_SSP1CLKPPS                                               (abs)        000EB2
_SSP1CON1                                                 (abs)        000F95
_SSP1CON1bits                                             (abs)        000F95
_SSP1CON2                                                 (abs)        000F96
_SSP1CON2bits                                             (abs)        000F96
_SSP1DATPPS                                               (abs)        000EB3
_SSP1STAT                                                 (abs)        000F94
_SSP1STATbits                                             (abs)        000F94
_SYSTEM_Initialize                                        text67       002028
_TRISA                                                    (abs)        000F87
_TRISB                                                    (abs)        000F88
_TRISC                                                    (abs)        000F89
_TRISD                                                    (abs)        000F8A
_TRISE                                                    (abs)        000F8B
_TX2REG                                                   (abs)        000E95
_TX2STA                                                   (abs)        000E99
_TX2STAbits                                               (abs)        000E99
_WPUA                                                     (abs)        000F0B
_WPUB                                                     (abs)        000F13
_WPUC                                                     (abs)        000F1B
_WPUD                                                     (abs)        000F20
_WPUE                                                     (abs)        000F28
__HRAM                                                    (abs)        000000
__Habs1                                                   abs1         000000
__Hbank0                                                  bank0        000000
__Hbank1                                                  bank1        000000
__Hbank10                                                 bank10       000000
__Hbank11                                                 bank11       000000
__Hbank12                                                 bank12       000000
__Hbank14                                                 bank14       000000
__Hbank2                                                  bank2        000000
__Hbank3                                                  bank3        000000
__Hbank4                                                  bank4        000000
__Hbank5                                                  bank5        000000
__Hbank6                                                  bank6        000000
__Hbank7                                                  bank7        000000
__Hbank8                                                  bank8        000000
__Hbank9                                                  bank9        000000
__Hbigbss                                                 bigbss       000000
__Hbigdata                                                bigdata      000000
__Hbigram                                                 bigram       000000
__Hbigsfr                                                 bigsfr       000000
__Hbss                                                    bss          000000
__HbssBANK0                                               bssBANK0     000000
__Hcinit                                                  cinit        000000
__Hclrtext                                                clrtext      000000
__Hcomram                                                 comram       000000
__Hconfig                                                 config       30000C
__Hconst                                                  const        000000
__HcstackBANK0                                            cstackBANK0  000000
__HcstackCOMRAM                                           cstackCOMRAM 000000
__Hdata                                                   data         000000
__Heeprom_data                                            eeprom_data  000000
__Hfarbss                                                 farbss       000000
__Hfardata                                                fardata      000000
__Hheap                                                   heap         000000
__Hibigdata                                               ibigdata     000000
__Hidata                                                  idata        000000
__Hidloc                                                  idloc        200100
__Hifardata                                               ifardata     000000
__Hinit                                                   init         000004
__Hintcode                                                intcode      000000
__Hintcode_body                                           intcode_body 000000
__Hintcodelo                                              intcodelo    000000
__Hintentry                                               intentry     000000
__Hintret                                                 intret       000000
__Hintsave_regs                                           intsave_regs 000000
__Hirdata                                                 irdata       000000
__Hmediumconst                                            mediumconst  000000
__HnvBANK0                                                nvBANK0      000000
__HnvFARRAM                                               nvFARRAM     000000
__Hnvbit                                                  nvbit        000000
__Hnvrram                                                 nvrram       000000
__Hparam                                                  rparam       000000
__Hpowerup                                                powerup      000000
__Hram                                                    ram          000000
__Hramtop                                                 ramtop       000F00
__Hrbit                                                   rbit         000000
__Hrbss                                                   rbss         000000
__Hrdata                                                  rdata        000000
__Hreset_vec                                              reset_vec    000000
__Hrparam                                                 rparam       000000
__Hsfr                                                    sfr          000000
__Hsmallconst                                             smallconst   000F5A
__Hspace_0                                                (abs)        002188
__Hspace_1                                                (abs)        0000BF
__Hspace_2                                                (abs)        000000
__Hspace_4                                                (abs)        60000C
__Hstack                                                  stack        000000
__Hstruct                                                 struct       000000
__Htemp                                                   temp         000000
__Htext                                                   text         000000
__Htext0                                                  text0        000000
__Htext1                                                  text1        000000
__Htext10                                                 text10       000000
__Htext11                                                 text11       000000
__Htext12                                                 text12       000000
__Htext13                                                 text13       000000
__Htext14                                                 text14       000000
__Htext15                                                 text15       000000
__Htext16                                                 text16       000000
__Htext17                                                 text17       000000
__Htext18                                                 text18       000000
__Htext19                                                 text19       000000
__Htext2                                                  text2        000000
__Htext20                                                 text20       000000
__Htext21                                                 text21       000000
__Htext22                                                 text22       000000
__Htext23                                                 text23       000000
__Htext24                                                 text24       000000
__Htext25                                                 text25       000000
__Htext26                                                 text26       000000
__Htext27                                                 text27       000000
__Htext28                                                 text28       000000
__Htext29                                                 text29       000000
__Htext3                                                  text3        000000
__Htext30                                                 text30       000000
__Htext31                                                 text31       000000
__Htext32                                                 text32       000000
__Htext33                                                 text33       000000
__Htext34                                                 text34       000000
__Htext35                                                 text35       000000
__Htext36                                                 text36       000000
__Htext37                                                 text37       000000
__Htext38                                                 text38       000000
__Htext39                                                 text39       000000
__Htext4                                                  text4        000000
__Htext40                                                 text40       000000
__Htext41                                                 text41       000000
__Htext42                                                 text42       000000
__Htext43                                                 text43       000000
__Htext44                                                 text44       000000
__Htext45                                                 text45       000000
__Htext46                                                 text46       000000
__Htext47                                                 text47       000000
__Htext48                                                 text48       000000
__Htext49                                                 text49       000000
__Htext5                                                  text5        000000
__Htext50                                                 text50       000000
__Htext51                                                 text51       000000
__Htext52                                                 text52       000000
__Htext53                                                 text53       000000
__Htext54                                                 text54       000000
__Htext55                                                 text55       000000
__Htext56                                                 text56       000000
__Htext57                                                 text57       000000
__Htext58                                                 text58       000000
__Htext59                                                 text59       000000
__Htext6                                                  text6        000000
__Htext60                                                 text60       000000
__Htext61                                                 text61       000000
__Htext62                                                 text62       000000
__Htext63                                                 text63       000000
__Htext64                                                 text64       000000
__Htext65                                                 text65       000000
__Htext66                                                 text66       000000
__Htext67                                                 text67       000000
__Htext68                                                 text68       000000
__Htext69                                                 text69       000000
__Htext7                                                  text7        000000
__Htext70                                                 text70       000000
__Htext71                                                 text71       000000
__Htext72                                                 text72       000000
__Htext73                                                 text73       000000
__Htext74                                                 text74       000000
__Htext75                                                 text75       000000
__Htext76                                                 text76       000000
__Htext8                                                  text8        000000
__Htext9                                                  text9        000000
__LRAM                                                    (abs)        000001
__Labs1                                                   abs1         000000
__Lbank0                                                  bank0        000000
__Lbank1                                                  bank1        000000
__Lbank10                                                 bank10       000000
__Lbank11                                                 bank11       000000
__Lbank12                                                 bank12       000000
__Lbank14                                                 bank14       000000
__Lbank2                                                  bank2        000000
__Lbank3                                                  bank3        000000
__Lbank4                                                  bank4        000000
__Lbank5                                                  bank5        000000
__Lbank6                                                  bank6        000000
__Lbank7                                                  bank7        000000
__Lbank8                                                  bank8        000000
__Lbank9                                                  bank9        000000
__Lbigbss                                                 bigbss       000000
__Lbigdata                                                bigdata      000000
__Lbigram                                                 bigram       000000
__Lbigsfr                                                 bigsfr       000000
__Lbss                                                    bss          000000
__LbssBANK0                                               bssBANK0     000000
__Lcinit                                                  cinit        000000
__Lclrtext                                                clrtext      000000
__Lcomram                                                 comram       000000
__Lconfig                                                 config       000000
__Lconst                                                  const        000000
__LcstackBANK0                                            cstackBANK0  000000
__LcstackCOMRAM                                           cstackCOMRAM 000000
__Ldata                                                   data         000000
__Leeprom_data                                            eeprom_data  000000
__Lfarbss                                                 farbss       000000
__Lfardata                                                fardata      000000
__Lheap                                                   heap         000000
__Libigdata                                               ibigdata     000000
__Lidata                                                  idata        000000
__Lidloc                                                  idloc        000000
__Lifardata                                               ifardata     000000
__Linit                                                   init         000000
__Lintcode                                                intcode      000000
__Lintcode_body                                           intcode_body 000000
__Lintcodelo                                              intcodelo    000000
__Lintentry                                               intentry     000000
__Lintret                                                 intret       000000
__Lintsave_regs                                           intsave_regs 000000
__Lirdata                                                 irdata       000000
__Lmediumconst                                            mediumconst  000000
__LnvBANK0                                                nvBANK0      000000
__LnvFARRAM                                               nvFARRAM     000000
__Lnvbit                                                  nvbit        000000
__Lnvrram                                                 nvrram       000000
__Lparam                                                  rparam       000000
__Lpowerup                                                powerup      000000
__Lram                                                    ram          000000
__Lramtop                                                 ramtop       000F00
__Lrbit                                                   rbit         000000
__Lrbss                                                   rbss         000000
__Lrdata                                                  rdata        000000
__Lreset_vec                                              reset_vec    000000
__Lrparam                                                 rparam       000000
__Lsfr                                                    sfr          000000
__Lsmallconst                                             smallconst   000F00
__Lspace_0                                                (abs)        000000
__Lspace_1                                                (abs)        000000
__Lspace_2                                                (abs)        000000
__Lspace_4                                                (abs)        000000
__Lstack                                                  stack        000000
__Lstruct                                                 struct       000000
__Ltemp                                                   temp         000000
__Ltext                                                   text         000000
__Ltext0                                                  text0        000000
__Ltext1                                                  text1        000000
__Ltext10                                                 text10       000000
__Ltext11                                                 text11       000000
__Ltext12                                                 text12       000000
__Ltext13                                                 text13       000000
__Ltext14                                                 text14       000000
__Ltext15                                                 text15       000000
__Ltext16                                                 text16       000000
__Ltext17                                                 text17       000000
__Ltext18                                                 text18       000000
__Ltext19                                                 text19       000000
__Ltext2                                                  text2        000000
__Ltext20                                                 text20       000000
__Ltext21                                                 text21       000000
__Ltext22                                                 text22       000000
__Ltext23                                                 text23       000000
__Ltext24                                                 text24       000000
__Ltext25                                                 text25       000000
__Ltext26                                                 text26       000000
__Ltext27                                                 text27       000000
__Ltext28                                                 text28       000000
__Ltext29                                                 text29       000000
__Ltext3                                                  text3        000000
__Ltext30                                                 text30       000000
__Ltext31                                                 text31       000000
__Ltext32                                                 text32       000000
__Ltext33                                                 text33       000000
__Ltext34                                                 text34       000000
__Ltext35                                                 text35       000000
__Ltext36                                                 text36       000000
__Ltext37                                                 text37       000000
__Ltext38                                                 text38       000000
__Ltext39                                                 text39       000000
__Ltext4                                                  text4        000000
__Ltext40                                                 text40       000000
__Ltext41                                                 text41       000000
__Ltext42                                                 text42       000000
__Ltext43                                                 text43       000000
__Ltext44                                                 text44       000000
__Ltext45                                                 text45       000000
__Ltext46                                                 text46       000000
__Ltext47                                                 text47       000000
__Ltext48                                                 text48       000000
__Ltext49                                                 text49       000000
__Ltext5                                                  text5        000000
__Ltext50                                                 text50       000000
__Ltext51                                                 text51       000000
__Ltext52                                                 text52       000000
__Ltext53                                                 text53       000000
__Ltext54                                                 text54       000000
__Ltext55                                                 text55       000000
__Ltext56                                                 text56       000000
__Ltext57                                                 text57       000000
__Ltext58                                                 text58       000000
__Ltext59                                                 text59       000000
__Ltext6                                                  text6        000000
__Ltext60                                                 text60       000000
__Ltext61                                                 text61       000000
__Ltext62                                                 text62       000000
__Ltext63                                                 text63       000000
__Ltext64                                                 text64       000000
__Ltext65                                                 text65       000000
__Ltext66                                                 text66       000000
__Ltext67                                                 text67       000000
__Ltext68                                                 text68       000000
__Ltext69                                                 text69       000000
__Ltext7                                                  text7        000000
__Ltext70                                                 text70       000000
__Ltext71                                                 text71       000000
__Ltext72                                                 text72       000000
__Ltext73                                                 text73       000000
__Ltext74                                                 text74       000000
__Ltext75                                                 text75       000000
__Ltext76                                                 text76       000000
__Ltext8                                                  text8        000000
__Ltext9                                                  text9        000000
__S0                                                      (abs)        002188
__S1                                                      (abs)        0000BF
__S4                                                      (abs)        000000
__S5                                                      (abs)        000000
___heap_hi                                                (abs)        000000
___heap_lo                                                (abs)        000000
___inthi_sp                                               stack        000000
___intlo_sp                                               stack        000000
___lodiv                                                  text12       0012FE
___lodiv@counter                                          cstackCOMRAM 000019
___lodiv@dividend                                         cstackCOMRAM 000001
___lodiv@divisor                                          cstackCOMRAM 000009
___lodiv@quotient                                         cstackCOMRAM 000011
___lomod                                                  text11       0013EE
___lomod@counter                                          cstackCOMRAM 000011
___lomod@dividend                                         cstackCOMRAM 000001
___lomod@divisor                                          cstackCOMRAM 000009
___param_bank                                             (abs)        000000
___rparam_used                                            (abs)        000001
___sp                                                     stack        000000
__accesstop                                               (abs)        000060
__activetblptr                                            (abs)        000003
__end_of_EUSART2_Initialize                               text72       001C28
__end_of_EUSART2_SetErrorHandler                          text75       0020D4
__end_of_EUSART2_SetFramingErrorHandler                   text74       0020C6
__end_of_EUSART2_SetOverrunErrorHandler                   text73       0020B8
__end_of_EUSART2_Write                                    text10       002010
__end_of_I2C1_CallbackReturnReset                         text45       002174
__end_of_I2C1_CallbackReturnStop                          text46       002178
__end_of_I2C1_Close                                       text63       001F1A
__end_of_I2C1_DO_ADDRESS_NACK                             text22       001B22
__end_of_I2C1_DO_IDLE                                     text36       0020F8
__end_of_I2C1_DO_RCEN                                     text31       0020EC
__end_of_I2C1_DO_RESET                                    text23       0020E0
__end_of_I2C1_DO_RX                                       text32       0016F4
__end_of_I2C1_DO_RX_ACK                                   text26       002122
__end_of_I2C1_DO_RX_NACK_RESTART                          text24       002112
__end_of_I2C1_DO_RX_NACK_STOP                             text25       00211A
__end_of_I2C1_DO_SEND_ADR_READ                            text35       0020AA
__end_of_I2C1_DO_SEND_ADR_WRITE                           text34       00209A
__end_of_I2C1_DO_SEND_RESTART                             text28       002132
__end_of_I2C1_DO_SEND_RESTART_READ                        text30       002142
__end_of_I2C1_DO_SEND_RESTART_WRITE                       text29       00213A
__end_of_I2C1_DO_SEND_STOP                                text27       00212A
__end_of_I2C1_DO_TX                                       text33       001586
__end_of_I2C1_DO_TX_EMPTY                                 text37       001A4A
__end_of_I2C1_Initialize                                  text71       002066
__end_of_I2C1_MasterClearIrq                              text66       002168
__end_of_I2C1_MasterClose                                 text65       002188
__end_of_I2C1_MasterDisableIrq                            text64       002162
__end_of_I2C1_MasterEnableRestart                         text61       002180
__end_of_I2C1_MasterFsm                                   text21       001AB6
__end_of_I2C1_MasterGetRxData                             text42       00216C
__end_of_I2C1_MasterIsNack                                text39       002052
__end_of_I2C1_MasterOpen                                  text16       001F86
__end_of_I2C1_MasterOperation                             text18       001CB0
__end_of_I2C1_MasterSendAck                               text41       002156
__end_of_I2C1_MasterSendNack                              text43       00215C
__end_of_I2C1_MasterSendTxData                            text40       00214A
__end_of_I2C1_MasterSetIrq                                text38       002150
__end_of_I2C1_MasterStart                                 text62       002184
__end_of_I2C1_MasterStartRx                               text44       002170
__end_of_I2C1_MasterStop                                  text60       00217C
__end_of_I2C1_MasterWaitForEvent                          text20       00208A
__end_of_I2C1_MasterWrite                                 text17       00210A
__end_of_I2C1_Open                                        text15       001796
__end_of_I2C1_Poller                                      text19       001FA4
__end_of_I2C1_SetAddressNackCallback                      text14       001FC0
__end_of_I2C1_SetBuffer                                   text59       001F64
__end_of_I2C1_SetCallback                                 text58       0019CC
__end_of_I2C1_SetDataCompleteCallback                     text57       001FDC
__end_of_OSCILLATOR_Initialize                            text70       002028
__end_of_PIN_MANAGER_Initialize                           text69       0018C2
__end_of_PMD_Initialize                                   text68       001FF8
__end_of_SYSTEM_Initialize                                text67       00203E
__end_of___lodiv                                          text12       0013EE
__end_of___lomod                                          text11       0014BE
__end_of__initialization                                  cinit        002072
__end_of_fputc                                            text8        00182C
__end_of_fputs                                            text7        001C6C
__end_of_i2c1_fsmStateTable                               smallconst   000F31
__end_of_i2c_read2ByteRegister                            text13       001948
__end_of_main                                             text0        001BDA
__end_of_pad                                              text5        00164C
__end_of_printf                                           text1        001F40
__end_of_putch                                            text9        002102
__end_of_rd1RegCompleteHandler                            text54       001E8E
__end_of_rd1RegCompleteHandler@i2c1_master_example$F145   text50       001DFE
__end_of_rd2RegCompleteHandler                            text53       001E5E
__end_of_rd2RegCompleteHandler@i2c1_master_example$F156   text49       001DCE
__end_of_rdBlkRegCompleteHandler                          text51       001D38
__end_of_rdBlkRegCompleteHandler@i2c1_master_example$F179 text47       001CF4
__end_of_strlen                                           text6        001D6E
__end_of_utoa                                             text4        00115C
__end_of_vfpfcnvrt                                        text3        0012FE
__end_of_vfprintf                                         text2        001B88
__end_of_wr1RegCompleteHandler                            text55       001EBE
__end_of_wr1RegCompleteHandler@i2c1_master_example$F162   text48       001D9E
__end_of_wr2RegCompleteHandler                            text52       001E2E
__end_of_wr2RegCompleteHandler@i2c1_master_example$F168   text56       001EEE
__initialization                                          cinit        002066
__mediumconst                                             mediumconst  000000
__pbssBANK0                                               bssBANK0     000060
__pcinit                                                  cinit        002066
__pcstackBANK0                                            cstackBANK0  0000BC
__pcstackCOMRAM                                           cstackCOMRAM 000001
__pnvBANK0                                                nvBANK0      0000B3
__psmallconst                                             smallconst   000F00
__ptext0                                                  text0        001B88
__ptext1                                                  text1        001F1A
__ptext10                                                 text10       001FF8
__ptext11                                                 text11       0013EE
__ptext12                                                 text12       0012FE
__ptext13                                                 text13       0018C2
__ptext14                                                 text14       001FA4
__ptext15                                                 text15       0016F4
__ptext16                                                 text16       001F64
__ptext17                                                 text17       002102
__ptext18                                                 text18       001C6C
__ptext19                                                 text19       001F86
__ptext2                                                  text2        001B22
__ptext20                                                 text20       002078
__ptext21                                                 text21       001A4A
__ptext22                                                 text22       001AB6
__ptext23                                                 text23       0020D4
__ptext24                                                 text24       00210A
__ptext25                                                 text25       002112
__ptext26                                                 text26       00211A
__ptext27                                                 text27       002122
__ptext28                                                 text28       00212A
__ptext29                                                 text29       002132
__ptext3                                                  text3        00115C
__ptext30                                                 text30       00213A
__ptext31                                                 text31       0020E0
__ptext32                                                 text32       00164C
__ptext33                                                 text33       0014BE
__ptext34                                                 text34       00208A
__ptext35                                                 text35       00209A
__ptext36                                                 text36       0020EC
__ptext37                                                 text37       0019CC
__ptext38                                                 text38       00214A
__ptext39                                                 text39       00203E
__ptext4                                                  text4        000F5A
__ptext40                                                 text40       002142
__ptext41                                                 text41       002150
__ptext42                                                 text42       002168
__ptext43                                                 text43       002156
__ptext44                                                 text44       00216C
__ptext45                                                 text45       002170
__ptext46                                                 text46       002174
__ptext47                                                 text47       001CB0
__ptext48                                                 text48       001D6E
__ptext49                                                 text49       001D9E
__ptext5                                                  text5        001586
__ptext50                                                 text50       001DCE
__ptext51                                                 text51       001CF4
__ptext52                                                 text52       001DFE
__ptext53                                                 text53       001E2E
__ptext54                                                 text54       001E5E
__ptext55                                                 text55       001E8E
__ptext56                                                 text56       001EBE
__ptext57                                                 text57       001FC0
__ptext58                                                 text58       001948
__ptext59                                                 text59       001F40
__ptext6                                                  text6        001D38
__ptext60                                                 text60       002178
__ptext61                                                 text61       00217C
__ptext62                                                 text62       002180
__ptext63                                                 text63       001EEE
__ptext64                                                 text64       00215C
__ptext65                                                 text65       002184
__ptext66                                                 text66       002162
__ptext67                                                 text67       002028
__ptext68                                                 text68       001FDC
__ptext69                                                 text69       00182C
__ptext7                                                  text7        001C28
__ptext70                                                 text70       002010
__ptext71                                                 text71       002052
__ptext72                                                 text72       001BDA
__ptext73                                                 text73       0020AA
__ptext74                                                 text74       0020B8
__ptext75                                                 text75       0020C6
__ptext76                                                 text76       000000
__ptext8                                                  text8        001796
__ptext9                                                  text9        0020F8
__ramtop                                                  ramtop       000F00
__smallconst                                              smallconst   000F00
_dbuf                                                     bssBANK0     000093
_eusart2RxLastError                                       bssBANK0     000092
_flags                                                    bssBANK0     000090
_fputc                                                    text8        001796
_fputs                                                    text7        001C28
_i2c1_fsmStateTable                                       smallconst   000F01
_i2c_read2ByteRegister                                    text13       0018C2
_main                                                     text0        001B88
_nout                                                     bssBANK0     00008A
_pad                                                      text5        001586
_prec                                                     bssBANK0     00008E
_printf                                                   text1        001F1A
_putch                                                    text9        0020F8
_rd1RegCompleteHandler                                    text54       001E5E
_rd1RegCompleteHandler@i2c1_master_example$F145           text50       001DCE
_rd2RegCompleteHandler                                    text53       001E2E
_rd2RegCompleteHandler@i2c1_master_example$F156           text49       001D9E
_rdBlkRegCompleteHandler                                  text51       001CF4
_rdBlkRegCompleteHandler@i2c1_master_example$F179         text47       001CB0
_strlen                                                   text6        001D38
_utoa                                                     text4        000F5A
_vfpfcnvrt                                                text3        00115C
_vfprintf                                                 text2        001B22
_width                                                    bssBANK0     00008C
_wr1RegCompleteHandler                                    text55       001E8E
_wr1RegCompleteHandler@i2c1_master_example$F162           text48       001D6E
_wr2RegCompleteHandler                                    text52       001DFE
_wr2RegCompleteHandler@i2c1_master_example$F168           text56       001EBE
end_of_initialization                                     cinit        002072
fputc@c                                                   cstackCOMRAM 000003
fputc@fp                                                  cstackCOMRAM 000005
fputs@c                                                   cstackCOMRAM 000010
fputs@fp                                                  cstackCOMRAM 00000E
fputs@i                                                   cstackCOMRAM 000011
fputs@s                                                   cstackCOMRAM 00000C
i2c_read2ByteRegister@address                             cstackCOMRAM 000017
i2c_read2ByteRegister@reg                                 cstackCOMRAM 000012
i2c_read2ByteRegister@result                              cstackCOMRAM 000018
intlevel0                                                 text         000000
intlevel1                                                 text         000000
intlevel2                                                 text         000000
intlevel3                                                 text         000000
isa$std                                                   (abs)        000001
isa$xinst                                                 (abs)        000000
main@sensor_val                                           cstackCOMRAM 00005E
pad@buf                                                   cstackCOMRAM 000015
pad@fp                                                    cstackCOMRAM 000013
pad@i                                                     cstackCOMRAM 00001A
pad@p                                                     cstackCOMRAM 000017
pad@w                                                     cstackCOMRAM 00001C
printf@ap                                                 cstackCOMRAM 00005C
printf@fmt                                                cstackCOMRAM 000058
putch@txData                                              cstackCOMRAM 000002
rd1RegCompleteHandler@i2c1_master_example$F145@ptr        cstackCOMRAM 00000C
rd1RegCompleteHandler@p                                   cstackCOMRAM 00000C
rd2RegCompleteHandler@i2c1_master_example$F156@ptr        cstackCOMRAM 00000C
rd2RegCompleteHandler@p                                   cstackCOMRAM 00000C
rdBlkRegCompleteHandler@i2c1_master_example$F179@ptr      cstackCOMRAM 00000C
rdBlkRegCompleteHandler@p                                 cstackCOMRAM 00000C
stackhi                                                   (abs)        000000
stacklo                                                   (abs)        000000
start                                                     init         000000
start_initialization                                      cinit        002066
strlen@a                                                  cstackCOMRAM 000003
strlen@s                                                  cstackCOMRAM 000001
utoa@d                                                    cstackCOMRAM 000020
utoa@fp                                                   cstackCOMRAM 00001E
utoa@i                                                    cstackCOMRAM 00003C
utoa@n                                                    cstackCOMRAM 000034
utoa@p                                                    cstackCOMRAM 000030
utoa@w                                                    cstackCOMRAM 000032
vfpfcnvrt@ap                                              cstackCOMRAM 000042
vfpfcnvrt@fmt                                             cstackCOMRAM 000040
vfpfcnvrt@fp                                              cstackCOMRAM 00003E
vfpfcnvrt@llu                                             cstackCOMRAM 000048
vfprintf@ap                                               cstackCOMRAM 000054
vfprintf@cfmt                                             cstackCOMRAM 000056
vfprintf@fmt                                              cstackCOMRAM 000052
vfprintf@fp                                               cstackCOMRAM 000050
wr1RegCompleteHandler@i2c1_master_example$F162@ptr        cstackCOMRAM 00000C
wr1RegCompleteHandler@p                                   cstackCOMRAM 00000C
wr2RegCompleteHandler@i2c1_master_example$F168@ptr        cstackCOMRAM 00000C
wr2RegCompleteHandler@p                                   cstackCOMRAM 00000C


MODULE INFORMATION

Module		Function		Class		Link	Load	Size
mcc_generated_files/examples/i2c1_master_example.c
		_rdBlkRegCompleteHandler@i2c1_master_example$F179		CODE           	1CB0	0000	68
		_rd1RegCompleteHandler@i2c1_master_example$F145		CODE           	1DCE	0000	48
		_rd2RegCompleteHandler@i2c1_master_example$F156		CODE           	1D9E	0000	48
		_wr1RegCompleteHandler@i2c1_master_example$F162		CODE           	1D6E	0000	48
		_wr2RegCompleteHandler@i2c1_master_example$F168		CODE           	1EBE	0000	48

mcc_generated_files/examples/i2c1_master_example.c estimated size: 260

C:\Program Files\Microchip\xc8\v2.36\pic\sources\c99\common\lomod.c
		___lomod       		CODE           	13EE	0000	208

C:\Program Files\Microchip\xc8\v2.36\pic\sources\c99\common\lomod.c estimated size: 208

C:\Program Files\Microchip\xc8\v2.36\pic\sources\c99\common\nf_fputs.c
		_fputs         		CODE           	1C28	0000	68

C:\Program Files\Microchip\xc8\v2.36\pic\sources\c99\common\nf_fputs.c estimated size: 68

C:\Program Files\Microchip\xc8\v2.36\pic\sources\c99\common\printf.c
		_printf        		CODE           	1F1A	0000	38

C:\Program Files\Microchip\xc8\v2.36\pic\sources\c99\common\printf.c estimated size: 38

mcc_generated_files/eusart2.c
		_putch         		CODE           	20F8	0000	10
		_EUSART2_SetOverrunErrorHandler		CODE           	20AA	0000	14
		_EUSART2_SetErrorHandler		CODE           	20C6	0000	14
		_EUSART2_Write 		CODE           	1FF8	0000	24
		_EUSART2_Initialize		CODE           	1BDA	0000	78
		_EUSART2_SetFramingErrorHandler		CODE           	20B8	0000	14

mcc_generated_files/eusart2.c estimated size: 154

mcc_generated_files/i2c1_master.c
		_I2C1_DO_SEND_RESTART		CODE           	212A	0000	8
		_I2C1_DO_TX_EMPTY		CODE           	19CC	0000	126
		_I2C1_DO_SEND_RESTART_READ		CODE           	213A	0000	8
		_I2C1_CallbackReturnStop		CODE           	2174	0000	4
		_I2C1_DO_RX    		CODE           	164C	0000	168
		_I2C1_DO_TX    		CODE           	14BE	0000	200
		_I2C1_SetAddressNackCallback		CODE           	1FA4	0000	28
		_I2C1_DO_IDLE  		CODE           	20EC	0000	12
		_I2C1_MasterOpen		CODE           	1F64	0000	34
		_I2C1_DO_RCEN  		CODE           	20E0	0000	12
		_I2C1_MasterSendTxData		CODE           	2142	0000	8
		_I2C1_MasterStop		CODE           	2178	0000	4
		_I2C1_CallbackReturnReset		CODE           	2170	0000	4
		_I2C1_DO_RESET 		CODE           	20D4	0000	12
		_I2C1_MasterStartRx		CODE           	216C	0000	4
		_I2C1_Poller   		CODE           	1F86	0000	30
		_I2C1_DO_RX_ACK		CODE           	211A	0000	8
		_I2C1_MasterWaitForEvent		CODE           	2078	0000	18
		_I2C1_MasterSendNack		CODE           	2156	0000	6
		_I2C1_DO_RX_NACK_RESTART		CODE           	210A	0000	8
		_I2C1_MasterDisableIrq		CODE           	215C	0000	6
		_I2C1_MasterOperation		CODE           	1C6C	0000	68
		_I2C1_SetCallback		CODE           	1948	0000	132
		_I2C1_MasterEnableRestart		CODE           	217C	0000	4
		_I2C1_Open     		CODE           	16F4	0000	162
		_I2C1_DO_ADDRESS_NACK		CODE           	1AB6	0000	108
		_I2C1_SetBuffer		CODE           	1F40	0000	36
		_I2C1_DO_SEND_RESTART_WRITE		CODE           	2132	0000	8
		_I2C1_MasterClose		CODE           	2184	0000	4
		_I2C1_MasterWrite		CODE           	2102	0000	8
		_I2C1_Initialize		CODE           	2052	0000	20
		_I2C1_Close    		CODE           	1EEE	0000	44
		_I2C1_MasterIsNack		CODE           	203E	0000	20
		_I2C1_MasterStart		CODE           	2180	0000	4
		_I2C1_DO_SEND_ADR_WRITE		CODE           	208A	0000	16
		_I2C1_MasterClearIrq		CODE           	2162	0000	6
		_I2C1_SetDataCompleteCallback		CODE           	1FC0	0000	28
		_I2C1_DO_SEND_STOP		CODE           	2122	0000	8
		_I2C1_MasterSendAck		CODE           	2150	0000	6
		_I2C1_MasterFsm		CODE           	1A4A	0000	108
		_I2C1_MasterGetRxData		CODE           	2168	0000	4
		_I2C1_MasterSetIrq		CODE           	214A	0000	6
		_I2C1_DO_SEND_ADR_READ		CODE           	209A	0000	16
		_I2C1_DO_RX_NACK_STOP		CODE           	2112	0000	8

mcc_generated_files/i2c1_master.c estimated size: 1532

mcc_generated_files/pin_manager.c
		_PIN_MANAGER_Initialize		CODE           	182C	0000	150

mcc_generated_files/pin_manager.c estimated size: 150

C:\Program Files\Microchip\xc8\v2.36\pic\sources\c99\common\strlen.c
		_strlen        		CODE           	1D38	0000	54

C:\Program Files\Microchip\xc8\v2.36\pic\sources\c99\common\strlen.c estimated size: 54

C:\Program Files\Microchip\xc8\v2.36\pic\sources\c99\common\lodiv.c
		___lodiv       		CODE           	12FE	0000	240

C:\Program Files\Microchip\xc8\v2.36\pic\sources\c99\common\lodiv.c estimated size: 240

mcc_generated_files/drivers/i2c_simple_master.c
		_wr1RegCompleteHandler		CODE           	1E8E	0000	48
		_wr2RegCompleteHandler		CODE           	1DFE	0000	48
		_rdBlkRegCompleteHandler		CODE           	1CF4	0000	68
		_i2c_read2ByteRegister		CODE           	18C2	0000	134
		_rd1RegCompleteHandler		CODE           	1E5E	0000	48
		_rd2RegCompleteHandler		CODE           	1E2E	0000	48

mcc_generated_files/drivers/i2c_simple_master.c estimated size: 394

C:\Program Files\Microchip\xc8\v2.36\pic\sources\c99\common\nf_fputc.c
		_fputc         		CODE           	1796	0000	150

C:\Program Files\Microchip\xc8\v2.36\pic\sources\c99\common\nf_fputc.c estimated size: 150

C:\Program Files\Microchip\xc8\v2.36\pic\sources\c99\common\doprnt.c
		_vfpfcnvrt     		CODE           	115C	0000	418
		_pad           		CODE           	1586	0000	198
		_vfprintf      		CODE           	1B22	0000	102
		_utoa          		CODE           	0F5A	0000	514

C:\Program Files\Microchip\xc8\v2.36\pic\sources\c99\common\doprnt.c estimated size: 1232

shared
		__initialization		CODE           	2066	0000	12
		_i2c1_fsmStateTable		SMALLCONST     	0F01	0000	48

shared estimated size: 60

mcc_generated_files/mcc.c
		_PMD_Initialize		CODE           	1FDC	0000	28
		_OSCILLATOR_Initialize		CODE           	2010	0000	24
		_SYSTEM_Initialize		CODE           	2028	0000	22

mcc_generated_files/mcc.c estimated size: 74

main.c
		_main          		CODE           	1B88	0000	82

main.c estimated size: 82

