Archive member included to satisfy reference by file (symbol)

c:/program files/microchip/xc8/v2.36/avr/bin/../lib/gcc/avr/5.4.0/avrxmega3\libgcc.a(_copy_data.o)
                              build/default/production/mcc_generated_files/src/twi0_master.o (__do_copy_data)
c:/program files/microchip/xc8/v2.36/avr/bin/../lib/gcc/avr/5.4.0/../../../../avr/lib/avrxmega3\libc.a(exit.o)
                              C:/Program Files/Microchip/MPLABX/v6.05/packs/Microchip/ATmega_DFP/3.0.158/xc8/avr/lib/avrxmega3/crtatmega4809.o (exit)
c:/program files/microchip/xc8/v2.36/avr/bin/../lib/gcc/avr/5.4.0/../../../../avr/lib/avrxmega3\libc.a(__sio_printf_doux.o)
                              build/default/production/main.o (_printf_cdnopuxX)
c:/program files/microchip/xc8/v2.36/avr/bin/../lib/gcc/avr/5.4.0/../../../../avr/lib/avrxmega3\libc.a(__fmt_s.o)
                              c:/program files/microchip/xc8/v2.36/avr/bin/../lib/gcc/avr/5.4.0/../../../../avr/lib/avrxmega3\libc.a(__sio_printf_doux.o) (__fmt_s_needed)
c:/program files/microchip/xc8/v2.36/avr/bin/../lib/gcc/avr/5.4.0/../../../../avr/lib/avrxmega3\libc.a(__printf_core.o)
                              c:/program files/microchip/xc8/v2.36/avr/bin/../lib/gcc/avr/5.4.0/../../../../avr/lib/avrxmega3\libc.a(__fmt_s.o) (__pad)
c:/program files/microchip/xc8/v2.36/avr/bin/../lib/gcc/avr/5.4.0/../../../../avr/lib/avrxmega3\libc.a(fputc.o)
                              c:/program files/microchip/xc8/v2.36/avr/bin/../lib/gcc/avr/5.4.0/../../../../avr/lib/avrxmega3\libc.a(__printf_core.o) (fputc)
c:/program files/microchip/xc8/v2.36/avr/bin/../lib/gcc/avr/5.4.0/../../../../avr/lib/avrxmega3\libc.a(stdout.o)
                              build/default/production/mcc_generated_files/src/usart3.o (_stdout)
c:/program files/microchip/xc8/v2.36/avr/bin/../lib/gcc/avr/5.4.0/../../../../avr/lib/avrxmega3\libc.a(__fmt_d.o)
                              c:/program files/microchip/xc8/v2.36/avr/bin/../lib/gcc/avr/5.4.0/../../../../avr/lib/avrxmega3\libc.a(__sio_printf_doux.o) (__fmt_d_needed)
c:/program files/microchip/xc8/v2.36/avr/bin/../lib/gcc/avr/5.4.0/../../../../avr/lib/avrxmega3\libc.a(__fmt_o.o)
                              c:/program files/microchip/xc8/v2.36/avr/bin/../lib/gcc/avr/5.4.0/../../../../avr/lib/avrxmega3\libc.a(__sio_printf_doux.o) (__fmt_o_needed)
c:/program files/microchip/xc8/v2.36/avr/bin/../lib/gcc/avr/5.4.0/../../../../avr/lib/avrxmega3\libc.a(__fmt_u.o)
                              c:/program files/microchip/xc8/v2.36/avr/bin/../lib/gcc/avr/5.4.0/../../../../avr/lib/avrxmega3\libc.a(__fmt_d.o) (__cvt_u)
c:/program files/microchip/xc8/v2.36/avr/bin/../lib/gcc/avr/5.4.0/../../../../avr/lib/avrxmega3\libc.a(__fmt_x.o)
                              c:/program files/microchip/xc8/v2.36/avr/bin/../lib/gcc/avr/5.4.0/../../../../avr/lib/avrxmega3\libc.a(__sio_printf_doux.o) (__fmt_x_needed)
c:/program files/microchip/xc8/v2.36/avr/bin/../lib/gcc/avr/5.4.0/../../../../avr/lib/avrxmega3\libc.a(__pop_float.o)
                              c:/program files/microchip/xc8/v2.36/avr/bin/../lib/gcc/avr/5.4.0/../../../../avr/lib/avrxmega3\libc.a(__printf_core.o) (__pop_float)
c:/program files/microchip/xc8/v2.36/avr/bin/../lib/gcc/avr/5.4.0/../../../../avr/lib/avrxmega3\libc.a(__pop_int.o)
                              c:/program files/microchip/xc8/v2.36/avr/bin/../lib/gcc/avr/5.4.0/../../../../avr/lib/avrxmega3\libc.a(__printf_core.o) (__pop_int)
c:/program files/microchip/xc8/v2.36/avr/bin/../lib/gcc/avr/5.4.0/../../../../avr/lib/avrxmega3\libc.a(__pop_ptr.o)
                              c:/program files/microchip/xc8/v2.36/avr/bin/../lib/gcc/avr/5.4.0/../../../../avr/lib/avrxmega3\libc.a(__printf_core.o) (__pop_ptr)
c:/program files/microchip/xc8/v2.36/avr/bin/../lib/gcc/avr/5.4.0/../../../../avr/lib/avrxmega3\libc.a(atoi.o)
                              c:/program files/microchip/xc8/v2.36/avr/bin/../lib/gcc/avr/5.4.0/../../../../avr/lib/avrxmega3\libc.a(__printf_core.o) (atoi)
c:/program files/microchip/xc8/v2.36/avr/bin/../lib/gcc/avr/5.4.0/../../../../avr/lib/avrxmega3\libc.a(memset.o)
                              c:/program files/microchip/xc8/v2.36/avr/bin/../lib/gcc/avr/5.4.0/../../../../avr/lib/avrxmega3\libc.a(__printf_core.o) (memset)
c:/program files/microchip/xc8/v2.36/avr/bin/../lib/gcc/avr/5.4.0/../../../../avr/lib/avrxmega3\libc.a(strlen.o)
                              c:/program files/microchip/xc8/v2.36/avr/bin/../lib/gcc/avr/5.4.0/../../../../avr/lib/avrxmega3\libc.a(__fmt_s.o) (strlen)
c:/program files/microchip/xc8/v2.36/avr/bin/../lib/gcc/avr/5.4.0/../../../../avr/lib/avrxmega3\libc.a(tolower.o)
                              c:/program files/microchip/xc8/v2.36/avr/bin/../lib/gcc/avr/5.4.0/../../../../avr/lib/avrxmega3\libc.a(__printf_core.o) (tolower)
c:/program files/microchip/xc8/v2.36/avr/bin/../lib/gcc/avr/5.4.0/../../../../avr/lib/avrxmega3\libc.a(toupper.o)
[...]
Memory Configuration

Name             Origin             Length             Attributes
text             0x0000000000000000 0x000000000000c000 xr
data             0x0000000000802800 0x0000000000001800 rw !x
eeprom           0x0000000000810000 0x0000000000000100 rw !x
fuse             0x0000000000820000 0x000000000000000a rw !x
lock             0x0000000000830000 0x0000000000000400 rw !x
signature        0x0000000000840000 0x0000000000000400 rw !x
user_signatures  0x0000000000850000 0x0000000000000400 rw !x
*default*        0x0000000000000000 0xffffffffffffffff

Linker script and memory map

Address of section .data set to 0x802800
                0x0000000000004000                __RODATA_PM_OFFSET__ = 0x4000
LOAD C:/Program Files/Microchip/MPLABX/v6.05/packs/Microchip/ATmega_DFP/3.0.158/xc8/avr/lib/avrxmega3/crtatmega4809.o
                0x0000000000000001                __MPLAB_BUILD = 0x1
LOAD build/default/production/mcc_generated_files/drivers/i2c_simple_master.o
LOAD build/default/production/mcc_generated_files/examples/twi0_master_example.o
LOAD build/default/production/mcc_generated_files/src/twi0_master.o
LOAD build/default/production/mcc_generated_files/src/usart3.o
LOAD build/default/production/mcc_generated_files/src/cpuint.o
LOAD build/default/production/mcc_generated_files/src/pin_manager.o
LOAD build/default/production/mcc_generated_files/src/protected_io.o
LOAD build/default/production/mcc_generated_files/mcc.o
LOAD build/default/production/mcc_generated_files/device_config.o
LOAD build/default/production/main.o
START GROUP
LOAD c:/program files/microchip/xc8/v2.36/avr/bin/../lib/gcc/avr/5.4.0/../../../../avr/lib/avrxmega3\libm.a
END GROUP
START GROUP
LOAD c:/program files/microchip/xc8/v2.36/avr/bin/../lib/gcc/avr/5.4.0/avrxmega3\libgcc.a
LOAD c:/program files/microchip/xc8/v2.36/avr/bin/../lib/gcc/avr/5.4.0/../../../../avr/lib/avrxmega3\libm.a
LOAD c:/program files/microchip/xc8/v2.36/avr/bin/../lib/gcc/avr/5.4.0/../../../../avr/lib/avrxmega3\libc.a
LOAD C:/Program Files/Microchip/MPLABX/v6.05/packs/Microchip/ATmega_DFP/3.0.158/xc8/avr/lib/avrxmega3\libatmega4809.a
END GROUP
                [0x0000000000000000]                __TEXT_REGION_ORIGIN__ = DEFINED (__TEXT_REGION_ORIGIN__)?__TEXT_REGION_ORIGIN__:0x0
                [0x0000000000802800]                __DATA_REGION_ORIGIN__ = DEFINED (__DATA_REGION_ORIGIN__)?__DATA_REGION_ORIGIN__:0x802000
                [0x000000000000c000]                __TEXT_REGION_LENGTH__ = DEFINED (__TEXT_REGION_LENGTH__)?__TEXT_REGION_LENGTH__:0x100000
                [0x0000000000001800]                __DATA_REGION_LENGTH__ = DEFINED (__DATA_REGION_LENGTH__)?__DATA_REGION_LENGTH__:0xffa0
                [0x0000000000000100]                __EEPROM_REGION_LENGTH__ = DEFINED (__EEPROM_REGION_LENGTH__)?__EEPROM_REGION_LENGTH__:0x10000
                [0x000000000000000a]                __FUSE_REGION_LENGTH__ = DEFINED (__FUSE_REGION_LENGTH__)?__FUSE_REGION_LENGTH__:0x400
                0x0000000000000400                __LOCK_REGION_LENGTH__ = DEFINED (__LOCK_REGION_LENGTH__)?__LOCK_REGION_LENGTH__:0x400
                0x0000000000000400                __SIGNATURE_REGION_LENGTH__ = DEFINED (__SIGNATURE_REGION_LENGTH__)?__SIGNATURE_REGION_LENGTH__:0x400
                0x0000000000000400                __USER_SIGNATURE_REGION_LENGTH__ = DEFINED (__USER_SIGNATURE_REGION_LENGTH__)?__USER_SIGNATURE_REGION_LENGTH__:0x400
                0x0000000000008000                __RODATA_PM_OFFSET__ = DEFINED (__RODATA_PM_OFFSET__)?__RODATA_PM_OFFSET__:0x8000

.hash
 *(.hash)

.dynsym
 *(.dynsym)

.dynstr
 *(.dynstr)

.gnu.version
 *(.gnu.version)

.gnu.version_d
 *(.gnu.version_d)

.gnu.version_r
 *(.gnu.version_r)

.rel.init
 *(.rel.init)

.rela.init
 *(.rela.init)

.rel.text
 *(.rel.text)
 *(.rel.text.*)
 *(.rel.gnu.linkonce.t*)

.rela.text
 *(.rela.text)
 *(.rela.text.*)
 *(.rela.gnu.linkonce.t*)

.rel.fini
 *(.rel.fini)

.rela.fini
 *(.rela.fini)

.rel.rodata
 *(.rel.rodata)
 *(.rel.rodata.*)
 *(.rel.gnu.linkonce.r*)

.rela.rodata
 *(.rela.rodata)
 *(.rela.rodata.*)
 *(.rela.gnu.linkonce.r*)

.rel.data
 *(.rel.data)
 *(.rel.data.*)
 *(.rel.gnu.linkonce.d*)

.rela.data
 *(.rela.data)
 *(.rela.data.*)
 *(.rela.gnu.linkonce.d*)

.rel.ctors
 *(.rel.ctors)

.rela.ctors
 *(.rela.ctors)

.rel.dtors
 *(.rel.dtors)

.rela.dtors
 *(.rela.dtors)

.rel.got
 *(.rel.got)

.rela.got
 *(.rela.got)

.rel.bss
 *(.rel.bss)

.rela.bss
 *(.rela.bss)

.rel.plt
 *(.rel.plt)

.rela.plt
 *(.rela.plt)

.text           0x0000000000000000      0x112
 *(.vectors)
 .vectors       0x0000000000000000       0xa0 C:/Program Files/Microchip/MPLABX/v6.05/packs/Microchip/ATmega_DFP/3.0.158/xc8/avr/lib/avrxmega3/crtatmega4809.o
                0x0000000000000000                __vector_default
                0x0000000000000000                __vectors
 *(.vectors)
 *(.progmem.gcc*)
 *(.dinit)
 .dinit         0x00000000000000a0       0x1d data_init
                0x00000000000000be                . = ALIGN (0x2)
 *fill*         0x00000000000000bd        0x1 
                0x00000000000000be                __trampolines_start = .
 *(.trampolines)
 .trampolines   0x00000000000000be        0x0 linker stubs
 *(.trampolines*)
                0x00000000000000be                __trampolines_end = .
 *libprintf_flt.a:*(.progmem.data)
 *libc.a:*(.progmem.data)
                0x00000000000000be                . = ALIGN (0x2)
 *(.jumptables)
 *(.jumptables*)
 *(.lowtext)
 *(.lowtext*)
                0x00000000000000be                __ctors_start = .
 *(.ctors)
                0x00000000000000be                __ctors_end = .
                0x00000000000000be                __dtors_start = .
 *(.dtors)
                0x00000000000000be                __dtors_end = .
 SORT(*)(.ctors)
 SORT(*)(.dtors)
 *(.init0)
 .init0         0x00000000000000be        0x0 C:/Program Files/Microchip/MPLABX/v6.05/packs/Microchip/ATmega_DFP/3.0.158/xc8/avr/lib/avrxmega3/crtatmega4809.o
                0x00000000000000be                __init
 *(.init0)
 *(.init1)
 *(.init1)
 *(.init2)
 .init2         0x00000000000000be        0xc C:/Program Files/Microchip/MPLABX/v6.05/packs/Microchip/ATmega_DFP/3.0.158/xc8/avr/lib/avrxmega3/crtatmega4809.o
 *(.init2)
 *(.init3)
 *(.init3)
 *(.init4)
 .init4         0x00000000000000ca       0x3c c:/program files/microchip/xc8/v2.36/avr/bin/../lib/gcc/avr/5.4.0/avrxmega3\libgcc.a(_copy_data.o)
                0x00000000000000ca                __do_copy_data
                0x00000000000000f8                __do_clear_bss
 *(.init4)
 *(.init5)
 *(.init5)
 *(.init6)
 *(.init6)
 *(.init7)
 *(.init7)
 *(.init8)
 *(.init8)
 *(.init9)
 .init9         0x0000000000000106        0x8 C:/Program Files/Microchip/MPLABX/v6.05/packs/Microchip/ATmega_DFP/3.0.158/xc8/avr/lib/avrxmega3/crtatmega4809.o
 *(.init9)
                0x000000000000010e                . = ALIGN (0x2)
 *(.fini9)
 .fini9         0x000000000000010e        0x0 c:/program files/microchip/xc8/v2.36/avr/bin/../lib/gcc/avr/5.4.0/avrxmega3\libgcc.a(_exit.o)
                0x000000000000010e                _exit
 *(.fini9)
 *(.fini8)
 *(.fini8)
 *(.fini7)
 *(.fini7)
 *(.fini6)
 *(.fini6)
 *(.fini5)
 *(.fini5)
 *(.fini4)
 *(.fini4)
 *(.fini3)
 *(.fini3)
 *(.fini2)
 *(.fini2)
 *(.fini1)
 *(.fini1)
 *(.fini0)
 .fini0         0x000000000000010e        0x4 c:/program files/microchip/xc8/v2.36/avr/bin/../lib/gcc/avr/5.4.0/avrxmega3\libgcc.a(_exit.o)
 *(.fini0)
                0x0000000000000112                _etext = .

.data           0x0000000000802800        0x0 load address 0x0000000000000112
                [!provide]                        PROVIDE (__data_start, .)
 *(.gnu.linkonce.d*)
                0x0000000000802800                . = ALIGN (0x2)
                0x0000000000802800                _edata = .
                [!provide]                        PROVIDE (__data_end, .)

.bss            0x0000000000802800        0x2
                [!provide]                        PROVIDE (__bss_start, .)
 *(COMMON)
 COMMON         0x0000000000802800        0x2 c:/program files/microchip/xc8/v2.36/avr/bin/../lib/gcc/avr/5.4.0/../../../../avr/lib/avrxmega3\libc.a(errno.o)
                0x0000000000802800                __errno_val
                [!provide]                        PROVIDE (__bss_end, .)
                0x0000000000000112                __data_load_start = LOADADDR (.data)
                0x0000000000000112                __data_load_end = (__data_load_start + SIZEOF (.data))

.noinit         0x0000000000802802        0x0
                [!provide]                        PROVIDE (__noinit_start, .)
 *(.noinit*)
                [!provide]                        PROVIDE (__noinit_end, .)
                0x0000000000802802                _end = .

.eeprom         0x0000000000810000        0x0
 *(.eeprom*)
                0x0000000000810000                __eeprom_end = .

.fuse           0x0000000000820000        0x9
 *(.fuse)
 .fuse          0x0000000000820000        0x9 build/default/production/mcc_generated_files/device_config.o
                0x0000000000820000                __fuse
 *(.lfuse)
 *(.hfuse)
 *(.efuse)

.lock
 *(.lock*)

.signature
 *(.signature*)

.user_signatures
 *(.user_signatures*)

.stab
 *(.stab)

.stabstr
 *(.stabstr)

.stab.excl
 *(.stab.excl)

.stab.exclstr
 *(.stab.exclstr)

.stab.index
 *(.stab.index)

.stab.indexstr
 *(.stab.indexstr)

.comment        0x0000000000000000       0x2f
 *(.comment)
 .comment       0x0000000000000000       0x2f build/default/production/mcc_generated_files/drivers/i2c_simple_master.o
                                         0x30 (size before relaxing)
 .comment       0x000000000000002f       0x30 build/default/production/mcc_generated_files/src/twi0_master.o
 .comment       0x000000000000002f       0x30 build/default/production/mcc_generated_files/src/usart3.o
 .comment       0x000000000000002f       0x30 build/default/production/mcc_generated_files/src/cpuint.o
 .comment       0x000000000000002f       0x30 build/default/production/mcc_generated_files/src/pin_manager.o
 .comment       0x000000000000002f       0x30 build/default/production/mcc_generated_files/mcc.o
 .comment       0x000000000000002f       0x30 build/default/production/mcc_generated_files/device_config.o
 .comment       0x000000000000002f       0x30 build/default/production/main.o
 .comment       0x000000000000002f       0x30 c:/program files/microchip/xc8/v2.36/avr/bin/../lib/gcc/avr/5.4.0/../../../../avr/lib/avrxmega3\libc.a(exit.o)
 .comment       0x000000000000002f       0x30 c:/program files/microchip/xc8/v2.36/avr/bin/../lib/gcc/avr/5.4.0/../../../../avr/lib/avrxmega3\libc.a(__sio_printf_doux.o)
 .comment       0x000000000000002f       0x30 c:/program files/microchip/xc8/v2.36/avr/bin/../lib/gcc/avr/5.4.0/../../../../avr/lib/avrxmega3\libc.a(__fmt_s.o)
 .comment       0x000000000000002f       0x30 c:/program files/microchip/xc8/v2.36/avr/bin/../lib/gcc/avr/5.4.0/../../../../avr/lib/avrxmega3\libc.a(__printf_core.o)
 .comment       0x000000000000002f       0x30 c:/program files/microchip/xc8/v2.36/avr/bin/../lib/gcc/avr/5.4.0/../../../../avr/lib/avrxmega3\libc.a(fputc.o)
 .comment       0x000000000000002f       0x30 c:/program files/microchip/xc8/v2.36/avr/bin/../lib/gcc/avr/5.4.0/../../../../avr/lib/avrxmega3\libc.a(stdout.o)
 .comment       0x000000000000002f       0x30 c:/program files/microchip/xc8/v2.36/avr/bin/../lib/gcc/avr/5.4.0/../../../../avr/lib/avrxmega3\libc.a(__fmt_d.o)
 .comment       0x000000000000002f       0x30 c:/program files/microchip/xc8/v2.36/avr/bin/../lib/gcc/avr/5.4.0/../../../../avr/lib/avrxmega3\libc.a(__fmt_o.o)
 .comment       0x000000000000002f       0x30 c:/program files/microchip/xc8/v2.36/avr/bin/../lib/gcc/avr/5.4.0/../../../../avr/lib/avrxmega3\libc.a(__fmt_u.o)
 .comment       0x000000000000002f       0x30 c:/program files/microchip/xc8/v2.36/avr/bin/../lib/gcc/avr/5.4.0/../../../../avr/lib/avrxmega3\libc.a(__fmt_x.o)
 .comment       0x000000000000002f       0x30 c:/program files/microchip/xc8/v2.36/avr/bin/../lib/gcc/avr/5.4.0/../../../../avr/lib/avrxmega3\libc.a(__pop_float.o)
 .comment       0x000000000000002f       0x30 c:/program files/microchip/xc8/v2.36/avr/bin/../lib/gcc/avr/5.4.0/../../../../avr/lib/avrxmega3\libc.a(__pop_int.o)
 .comment       0x000000000000002f       0x30 c:/program files/microchip/xc8/v2.36/avr/bin/../lib/gcc/avr/5.4.0/../../../../avr/lib/avrxmega3\libc.a(__pop_ptr.o)
 .comment       0x000000000000002f       0x30 c:/program files/microchip/xc8/v2.36/avr/bin/../lib/gcc/avr/5.4.0/../../../../avr/lib/avrxmega3\libc.a(atoi.o)
 .comment       0x000000000000002f       0x30 c:/program files/microchip/xc8/v2.36/avr/bin/../lib/gcc/avr/5.4.0/../../../../avr/lib/avrxmega3\libc.a(memset.o)
 .comment       0x000000000000002f       0x30 c:/program files/microchip/xc8/v2.36/avr/bin/../lib/gcc/avr/5.4.0/../../../../avr/lib/avrxmega3\libc.a(strlen.o)
 .comment       0x000000000000002f       0x30 c:/program files/microchip/xc8/v2.36/avr/bin/../lib/gcc/avr/5.4.0/../../../../avr/lib/avrxmega3\libc.a(tolower.o)
 .comment       0x000000000000002f       0x30 c:/program files/microchip/xc8/v2.36/avr/bin/../lib/gcc/avr/5.4.0/../../../../avr/lib/avrxmega3\libc.a(toupper.o)
 .comment       0x000000000000002f       0x30 c:/program files/microchip/xc8/v2.36/avr/bin/../lib/gcc/avr/5.4.0/../../../../avr/lib/avrxmega3\libc.a(errno.o)
 .comment       0x000000000000002f       0x30 c:/program files/microchip/xc8/v2.36/avr/bin/../lib/gcc/avr/5.4.0/../../../../avr/lib/avrxmega3\libc.a(_Exit.o)
 .comment       0x000000000000002f       0x30 c:/program files/microchip/xc8/v2.36/avr/bin/../lib/gcc/avr/5.4.0/../../../../avr/lib/avrxmega3\libc.a(__int_vfprintf.o)

.note.GNU-stack
                0x0000000000000000        0x0
 .note.GNU-stack
                0x0000000000000000        0x0 c:/program files/microchip/xc8/v2.36/avr/bin/../lib/gcc/avr/5.4.0/../../../../avr/lib/avrxmega3\libc.a(exit.o)
 .note.GNU-stack
                0x0000000000000000        0x0 c:/program files/microchip/xc8/v2.36/avr/bin/../lib/gcc/avr/5.4.0/../../../../avr/lib/avrxmega3\libc.a(__sio_printf_doux.o)
 .note.GNU-stack
                0x0000000000000000        0x0 c:/program files/microchip/xc8/v2.36/avr/bin/../lib/gcc/avr/5.4.0/../../../../avr/lib/avrxmega3\libc.a(__fmt_s.o)
 .note.GNU-stack
                0x0000000000000000        0x0 c:/program files/microchip/xc8/v2.36/avr/bin/../lib/gcc/avr/5.4.0/../../../../avr/lib/avrxmega3\libc.a(__printf_core.o)
 .note.GNU-stack
                0x0000000000000000        0x0 c:/program files/microchip/xc8/v2.36/avr/bin/../lib/gcc/avr/5.4.0/../../../../avr/lib/avrxmega3\libc.a(fputc.o)
 .note.GNU-stack
                0x0000000000000000        0x0 c:/program files/microchip/xc8/v2.36/avr/bin/../lib/gcc/avr/5.4.0/../../../../avr/lib/avrxmega3\libc.a(stdout.o)
 .note.GNU-stack
                0x0000000000000000        0x0 c:/program files/microchip/xc8/v2.36/avr/bin/../lib/gcc/avr/5.4.0/../../../../avr/lib/avrxmega3\libc.a(__fmt_d.o)
 .note.GNU-stack
                0x0000000000000000        0x0 c:/program files/microchip/xc8/v2.36/avr/bin/../lib/gcc/avr/5.4.0/../../../../avr/lib/avrxmega3\libc.a(__fmt_o.o)
 .note.GNU-stack
                0x0000000000000000        0x0 c:/program files/microchip/xc8/v2.36/avr/bin/../lib/gcc/avr/5.4.0/../../../../avr/lib/avrxmega3\libc.a(__fmt_u.o)
 .note.GNU-stack
                0x0000000000000000        0x0 c:/program files/microchip/xc8/v2.36/avr/bin/../lib/gcc/avr/5.4.0/../../../../avr/lib/avrxmega3\libc.a(__fmt_x.o)
 .note.GNU-stack
                0x0000000000000000        0x0 c:/program files/microchip/xc8/v2.36/avr/bin/../lib/gcc/avr/5.4.0/../../../../avr/lib/avrxmega3\libc.a(__pop_float.o)
 .note.GNU-stack
                0x0000000000000000        0x0 c:/program files/microchip/xc8/v2.36/avr/bin/../lib/gcc/avr/5.4.0/../../../../avr/lib/avrxmega3\libc.a(__pop_int.o)
 .note.GNU-stack
                0x0000000000000000        0x0 c:/program files/microchip/xc8/v2.36/avr/bin/../lib/gcc/avr/5.4.0/../../../../avr/lib/avrxmega3\libc.a(__pop_ptr.o)
 .note.GNU-stack
                0x0000000000000000        0x0 c:/program files/microchip/xc8/v2.36/avr/bin/../lib/gcc/avr/5.4.0/../../../../avr/lib/avrxmega3\libc.a(atoi.o)
 .note.GNU-stack
                0x0000000000000000        0x0 c:/program files/microchip/xc8/v2.36/avr/bin/../lib/gcc/avr/5.4.0/../../../../avr/lib/avrxmega3\libc.a(memset.o)
 .note.GNU-stack
                0x0000000000000000        0x0 c:/program files/microchip/xc8/v2.36/avr/bin/../lib/gcc/avr/5.4.0/../../../../avr/lib/avrxmega3\libc.a(strlen.o)
 .note.GNU-stack
                0x0000000000000000        0x0 c:/program files/microchip/xc8/v2.36/avr/bin/../lib/gcc/avr/5.4.0/../../../../avr/lib/avrxmega3\libc.a(tolower.o)
 .note.GNU-stack
                0x0000000000000000        0x0 c:/program files/microchip/xc8/v2.36/avr/bin/../lib/gcc/avr/5.4.0/../../../../avr/lib/avrxmega3\libc.a(toupper.o)
 .note.GNU-stack
                0x0000000000000000        0x0 c:/program files/microchip/xc8/v2.36/avr/bin/../lib/gcc/avr/5.4.0/../../../../avr/lib/avrxmega3\libc.a(errno.o)
 .note.GNU-stack
                0x0000000000000000        0x0 c:/program files/microchip/xc8/v2.36/avr/bin/../lib/gcc/avr/5.4.0/../../../../avr/lib/avrxmega3\libc.a(_Exit.o)
 .note.GNU-stack
                0x0000000000000000        0x0 c:/program files/microchip/xc8/v2.36/avr/bin/../lib/gcc/avr/5.4.0/../../../../avr/lib/avrxmega3\libc.a(__int_vfprintf.o)

.stack.descriptors.hdr
                0x0000000000000000       0x54
 .stack.descriptors.hdr
                0x0000000000000000        0xe c:/program files/microchip/xc8/v2.36/avr/bin/../lib/gcc/avr/5.4.0/avrxmega3\libgcc.a(_exit.o)
 .stack.descriptors.hdr
                0x000000000000000e        0xe c:/program files/microchip/xc8/v2.36/avr/bin/../lib/gcc/avr/5.4.0/avrxmega3\libgcc.a(_udivdi3.o)
 .stack.descriptors.hdr
                0x000000000000001c        0xe c:/program files/microchip/xc8/v2.36/avr/bin/../lib/gcc/avr/5.4.0/avrxmega3\libgcc.a(_udivmod64.o)
 .stack.descriptors.hdr
                0x000000000000002a        0xe c:/program files/microchip/xc8/v2.36/avr/bin/../lib/gcc/avr/5.4.0/avrxmega3\libgcc.a(_negdi2.o)
 .stack.descriptors.hdr
                0x0000000000000038        0xe c:/program files/microchip/xc8/v2.36/avr/bin/../lib/gcc/avr/5.4.0/avrxmega3\libgcc.a(_ashrdi3.o)
 .stack.descriptors.hdr
                0x0000000000000046        0xe c:/program files/microchip/xc8/v2.36/avr/bin/../lib/gcc/avr/5.4.0/avrxmega3\libgcc.a(_cmpdi2_s8.o)

.note.gnu.build-id
 *(.note.gnu.build-id)

.debug
 *(.debug)

.line
 *(.line)

.debug_srcinfo
 *(.debug_srcinfo)

.debug_sfnames
 *(.debug_sfnames)

.debug_aranges  0x0000000000000000      0x428
 *(.debug_aranges)
 .debug_aranges
                0x0000000000000000       0x78 build/default/production/mcc_generated_files/drivers/i2c_simple_master.o
 .debug_aranges
                0x0000000000000078      0x1f8 build/default/production/mcc_generated_files/src/twi0_master.o
 .debug_aranges
                0x0000000000000270       0x80 build/default/production/mcc_generated_files/src/usart3.o
 .debug_aranges
                0x00000000000002f0       0x20 build/default/production/mcc_generated_files/src/cpuint.o
 .debug_aranges
                0x0000000000000310       0x78 build/default/production/mcc_generated_files/src/pin_manager.o
 .debug_aranges
                0x0000000000000388       0x20 build/default/production/mcc_generated_files/src/protected_io.o
 .debug_aranges
                0x00000000000003a8       0x48 build/default/production/mcc_generated_files/mcc.o
 .debug_aranges
                0x00000000000003f0       0x18 build/default/production/mcc_generated_files/device_config.o
 .debug_aranges
                0x0000000000000408       0x20 build/default/production/main.o

.debug_pubnames
 *(.debug_pubnames)

.debug_info     0x0000000000000000     0x78bc
 *(.debug_info .gnu.linkonce.wi.*)
 .debug_info    0x0000000000000000     0x248a C:/Program Files/Microchip/MPLABX/v6.05/packs/Microchip/ATmega_DFP/3.0.158/xc8/avr/lib/avrxmega3/crtatmega4809.o
 .debug_info    0x000000000000248a      0xcd0 build/default/production/mcc_generated_files/drivers/i2c_simple_master.o
 .debug_info    0x000000000000315a     0x1a8e build/default/production/mcc_generated_files/src/twi0_master.o
 .debug_info    0x0000000000004be8      0x7fb build/default/production/mcc_generated_files/src/usart3.o
 .debug_info    0x00000000000053e3      0x454 build/default/production/mcc_generated_files/src/cpuint.o
 .debug_info    0x0000000000005837      0x9bf build/default/production/mcc_generated_files/src/pin_manager.o
 .debug_info    0x00000000000061f6       0xda build/default/production/mcc_generated_files/src/protected_io.o
 .debug_info    0x00000000000062d0      0xa22 build/default/production/mcc_generated_files/mcc.o
 .debug_info    0x0000000000006cf2      0x863 build/default/production/mcc_generated_files/device_config.o
 .debug_info    0x0000000000007555      0x367 build/default/production/main.o

.debug_abbrev   0x0000000000000000     0x2e4f
 *(.debug_abbrev)
 .debug_abbrev  0x0000000000000000     0x2296 C:/Program Files/Microchip/MPLABX/v6.05/packs/Microchip/ATmega_DFP/3.0.158/xc8/avr/lib/avrxmega3/crtatmega4809.o
 .debug_abbrev  0x0000000000002296      0x14e build/default/production/mcc_generated_files/drivers/i2c_simple_master.o
 .debug_abbrev  0x00000000000023e4      0x383 build/default/production/mcc_generated_files/src/twi0_master.o
 .debug_abbrev  0x0000000000002767      0x1d8 build/default/production/mcc_generated_files/src/usart3.o
 .debug_abbrev  0x000000000000293f       0xfa build/default/production/mcc_generated_files/src/cpuint.o
 .debug_abbrev  0x0000000000002a39      0x160 build/default/production/mcc_generated_files/src/pin_manager.o
 .debug_abbrev  0x0000000000002b99       0x14 build/default/production/mcc_generated_files/src/protected_io.o
 .debug_abbrev  0x0000000000002bad      0x169 build/default/production/mcc_generated_files/mcc.o
 .debug_abbrev  0x0000000000002d16       0x97 build/default/production/mcc_generated_files/device_config.o
 .debug_abbrev  0x0000000000002dad       0xa2 build/default/production/main.o

.debug_line     0x0000000000000000     0x1d13
 *(.debug_line .debug_line.* .debug_line_end)
 .debug_line    0x0000000000000000      0x187 C:/Program Files/Microchip/MPLABX/v6.05/packs/Microchip/ATmega_DFP/3.0.158/xc8/avr/lib/avrxmega3/crtatmega4809.o
 .debug_line    0x0000000000000187      0x365 build/default/production/mcc_generated_files/drivers/i2c_simple_master.o
 .debug_line    0x00000000000004ec      0xac8 build/default/production/mcc_generated_files/src/twi0_master.o
 .debug_line    0x0000000000000fb4      0x2d9 build/default/production/mcc_generated_files/src/usart3.o
 .debug_line    0x000000000000128d      0x18a build/default/production/mcc_generated_files/src/cpuint.o
 .debug_line    0x0000000000001417      0x3de build/default/production/mcc_generated_files/src/pin_manager.o
 .debug_line    0x00000000000017f5       0x66 build/default/production/mcc_generated_files/src/protected_io.o
 .debug_line    0x000000000000185b      0x297 build/default/production/mcc_generated_files/mcc.o
 .debug_line    0x0000000000001af2       0xf5 build/default/production/mcc_generated_files/device_config.o
 .debug_line    0x0000000000001be7      0x12c build/default/production/main.o

.debug_frame    0x0000000000000000      0x81c
 *(.debug_frame)
 .debug_frame   0x0000000000000000      0x18c build/default/production/mcc_generated_files/drivers/i2c_simple_master.o
 .debug_frame   0x000000000000018c      0x400 build/default/production/mcc_generated_files/src/twi0_master.o
 .debug_frame   0x000000000000058c       0xe4 build/default/production/mcc_generated_files/src/usart3.o
 .debug_frame   0x0000000000000670       0x24 build/default/production/mcc_generated_files/src/cpuint.o
 .debug_frame   0x0000000000000694       0xe0 build/default/production/mcc_generated_files/src/pin_manager.o
 .debug_frame   0x0000000000000774       0x74 build/default/production/mcc_generated_files/mcc.o
 .debug_frame   0x00000000000007e8       0x34 build/default/production/main.o

.debug_str      0x0000000000000000     0x10ea
 *(.debug_str)
 .debug_str     0x0000000000000000      0xf85 C:/Program Files/Microchip/MPLABX/v6.05/packs/Microchip/ATmega_DFP/3.0.158/xc8/avr/lib/avrxmega3/crtatmega4809.o
 .debug_str     0x0000000000000f85       0x8b build/default/production/mcc_generated_files/drivers/i2c_simple_master.o
 .debug_str     0x0000000000001010        0xf build/default/production/mcc_generated_files/src/twi0_master.o
 .debug_str     0x000000000000101f        0x0 build/default/production/mcc_generated_files/src/usart3.o
 .debug_str     0x000000000000101f       0x13 build/default/production/mcc_generated_files/src/cpuint.o
 .debug_str     0x0000000000001032       0x1c build/default/production/mcc_generated_files/src/pin_manager.o
 .debug_str     0x000000000000104e       0x74 build/default/production/mcc_generated_files/mcc.o
 .debug_str     0x00000000000010c2        0x0 build/default/production/mcc_generated_files/device_config.o
 .debug_str     0x00000000000010c2       0x28 build/default/production/main.o

.debug_loc      0x0000000000000000      0xc98
 *(.debug_loc)
 .debug_loc     0x0000000000000000      0x512 build/default/production/mcc_generated_files/drivers/i2c_simple_master.o
 .debug_loc     0x0000000000000512      0x507 build/default/production/mcc_generated_files/src/twi0_master.o
 .debug_loc     0x0000000000000a19       0x47 build/default/production/mcc_generated_files/src/usart3.o
 .debug_loc     0x0000000000000a60       0x2a build/default/production/mcc_generated_files/src/cpuint.o
 .debug_loc     0x0000000000000a8a       0x78 build/default/production/mcc_generated_files/src/pin_manager.o
 .debug_loc     0x0000000000000b02      0x172 build/default/production/mcc_generated_files/mcc.o
 .debug_loc     0x0000000000000c74       0x24 build/default/production/main.o

.debug_macinfo
 *(.debug_macinfo)

.debug_weaknames
 *(.debug_weaknames)

.debug_funcnames
 *(.debug_funcnames)

.debug_typenames
 *(.debug_typenames)

.debug_varnames
 *(.debug_varnames)

.debug_pubtypes
 *(.debug_pubtypes)

.debug_ranges   0x0000000000000000      0x380
 *(.debug_ranges)
 .debug_ranges  0x0000000000000000       0x68 build/default/production/mcc_generated_files/drivers/i2c_simple_master.o
 .debug_ranges  0x0000000000000068      0x1e8 build/default/production/mcc_generated_files/src/twi0_master.o
 .debug_ranges  0x0000000000000250       0x70 build/default/production/mcc_generated_files/src/usart3.o
 .debug_ranges  0x00000000000002c0       0x10 build/default/production/mcc_generated_files/src/cpuint.o
 .debug_ranges  0x00000000000002d0       0x68 build/default/production/mcc_generated_files/src/pin_manager.o
 .debug_ranges  0x0000000000000338       0x38 build/default/production/mcc_generated_files/mcc.o
 .debug_ranges  0x0000000000000370       0x10 build/default/production/main.o

.debug_macro
 *(.debug_macro)
OUTPUT(dist/default/production/I2c_SimpleRead_AVR4809.X.production.elf elf32-avr)
LOAD linker stubs
LOAD data_init

.note.gnu.avr.deviceinfo
                0x0000000000000000       0x40
 .note.gnu.avr.deviceinfo
                0x0000000000000000       0x40 C:/Program Files/Microchip/MPLABX/v6.05/packs/Microchip/ATmega_DFP/3.0.158/xc8/avr/lib/avrxmega3/crtatmega4809.o

.bss.I2C0_status
                0x0000000000802826       0x24
 .bss.I2C0_status
                0x0000000000802826       0x24 build/default/production/mcc_generated_files/src/twi0_master.o
                0x0000000000802826                I2C0_status

.bss.__stdout   0x000000000080285c        0x2
 .bss.__stdout  0x000000000080285c        0x2 c:/program files/microchip/xc8/v2.36/avr/bin/../lib/gcc/avr/5.4.0/../../../../avr/lib/avrxmega3\libc.a(stdout.o)

.text.__printf_core
                0x0000000000000112      0x734
 .text.__printf_core
                0x0000000000000112      0x734 c:/program files/microchip/xc8/v2.36/avr/bin/../lib/gcc/avr/5.4.0/../../../../avr/lib/avrxmega3\libc.a(__printf_core.o)
                0x0000000000000112                __printf_core

.text.__fmt_x   0x0000000000000846      0x280
 .text.__fmt_x  0x0000000000000846      0x280 c:/program files/microchip/xc8/v2.36/avr/bin/../lib/gcc/avr/5.4.0/../../../../avr/lib/avrxmega3\libc.a(__fmt_x.o)
                0x0000000000000846                __fmt_x_needed
                0x0000000000000846                __fmt_x

.text.__fmt_d   0x0000000000000ac6      0x17e
 .text.__fmt_d  0x0000000000000ac6      0x17e c:/program files/microchip/xc8/v2.36/avr/bin/../lib/gcc/avr/5.4.0/../../../../avr/lib/avrxmega3\libc.a(__fmt_d.o)
                0x0000000000000ac6                __fmt_d
                0x0000000000000ac6                __fmt_d_needed

.text.__pop_int
                0x0000000000000c44      0x172
 .text.__pop_int
                0x0000000000000c44      0x172 c:/program files/microchip/xc8/v2.36/avr/bin/../lib/gcc/avr/5.4.0/../../../../avr/lib/avrxmega3\libc.a(__pop_int.o)
                0x0000000000000c44                __pop_int_needed
                0x0000000000000c44                __pop_int

.text.__cvt_u   0x0000000000000db6      0x14a
 .text.__cvt_u  0x0000000000000db6      0x14a c:/program files/microchip/xc8/v2.36/avr/bin/../lib/gcc/avr/5.4.0/../../../../avr/lib/avrxmega3\libc.a(__fmt_u.o)
                0x0000000000000db6                __cvt_u

.text.PIN_MANAGER_Initialize
                0x0000000000000f00       0xea
 .text.PIN_MANAGER_Initialize
                0x0000000000000f00       0xea build/default/production/mcc_generated_files/src/pin_manager.o
                0x0000000000000f00                PIN_MANAGER_Initialize

.text.__pop_ptr
                0x0000000000000fea       0xd8
 .text.__pop_ptr
                0x0000000000000fea       0xd8 c:/program files/microchip/xc8/v2.36/avr/bin/../lib/gcc/avr/5.4.0/../../../../avr/lib/avrxmega3\libc.a(__pop_ptr.o)
                0x0000000000000fea                __pop_ptr
                0x0000000000000fea                __pop_ptr_needed

.text.__fmt_o   0x00000000000010c2       0xd2
 .text.__fmt_o  0x00000000000010c2       0xd2 c:/program files/microchip/xc8/v2.36/avr/bin/../lib/gcc/avr/5.4.0/../../../../avr/lib/avrxmega3\libc.a(__fmt_o.o)
                0x00000000000010c2                __fmt_o
                0x00000000000010c2                __fmt_o_needed

.text.__fmt_u   0x0000000000001194       0xae
 .text.__fmt_u  0x0000000000001194       0xae c:/program files/microchip/xc8/v2.36/avr/bin/../lib/gcc/avr/5.4.0/../../../../avr/lib/avrxmega3\libc.a(__fmt_u.o)
                0x0000000000001194                __fmt_u_needed
                0x0000000000001194                __fmt_u

.text.__pad     0x0000000000001242       0xa4
 .text.__pad    0x0000000000001242       0xa4 c:/program files/microchip/xc8/v2.36/avr/bin/../lib/gcc/avr/5.4.0/../../../../avr/lib/avrxmega3\libc.a(__printf_core.o)
                0x0000000000001242                __pad

.text.libgcc.div
                0x00000000000012e6       0xa2
 .text.libgcc.div
                0x00000000000012e6       0xa2 c:/program files/microchip/xc8/v2.36/avr/bin/../lib/gcc/avr/5.4.0/avrxmega3\libgcc.a(_udivmod64.o)
                0x00000000000012e6                __udivmod64

.text.I2C0_DO_RX
                0x0000000000001388       0xa0
 .text.I2C0_DO_RX
                0x0000000000001388       0xa0 build/default/production/mcc_generated_files/src/twi0_master.o

.text.fputc     0x0000000000001428       0x92
 .text.fputc    0x0000000000001428       0x92 c:/program files/microchip/xc8/v2.36/avr/bin/../lib/gcc/avr/5.4.0/../../../../avr/lib/avrxmega3\libc.a(fputc.o)
                0x0000000000001428                fputc
                0x0000000000001428                putc

.text.I2C0_DO_TX_EMPTY
                0x00000000000014ba       0x7c
 .text.I2C0_DO_TX_EMPTY
                0x00000000000014ba       0x7c build/default/production/mcc_generated_files/src/twi0_master.o

.text.atoi      0x0000000000001536       0x72
 .text.atoi     0x0000000000001536       0x72 c:/program files/microchip/xc8/v2.36/avr/bin/../lib/gcc/avr/5.4.0/../../../../avr/lib/avrxmega3\libc.a(atoi.o)
                0x0000000000001536                atoi

.text.I2C0_DO_TX
                0x00000000000015a8       0x70
 .text.I2C0_DO_TX
                0x00000000000015a8       0x70 build/default/production/mcc_generated_files/src/twi0_master.o

.text.PORT_Initialize
                0x0000000000001618       0x6e
 .text.PORT_Initialize
                0x0000000000001618       0x6e build/default/production/mcc_generated_files/src/pin_manager.o
                0x0000000000001618                PORT_Initialize

.text.I2C0_Open
                0x0000000000001686       0x68
 .text.I2C0_Open
                0x0000000000001686       0x68 build/default/production/mcc_generated_files/src/twi0_master.o
                0x0000000000001686                I2C0_Open

.text.__fmt_s   0x00000000000016ee       0x68
 .text.__fmt_s  0x00000000000016ee       0x68 c:/program files/microchip/xc8/v2.36/avr/bin/../lib/gcc/avr/5.4.0/../../../../avr/lib/avrxmega3\libc.a(__fmt_s.o)
                0x00000000000016ee                __fmt_s
                0x00000000000016ee                __fmt_0_needed
                0x00000000000016ee                __fmt_s_needed

.text.i2c_read2ByteRegister
                0x0000000000001756       0x66
 .text.i2c_read2ByteRegister
                0x0000000000001756       0x66 build/default/production/mcc_generated_files/drivers/i2c_simple_master.o
                0x0000000000001756                i2c_read2ByteRegister

.text.I2C0_MasterIsr
                0x00000000000017bc       0x5a
 .text.I2C0_MasterIsr
                0x00000000000017bc       0x5a build/default/production/mcc_generated_files/src/twi0_master.o

.text.CLKCTRL_Initialize
                0x0000000000001816       0x4c
 .text.CLKCTRL_Initialize
                0x0000000000001816       0x4c build/default/production/mcc_generated_files/mcc.o
                0x0000000000001816                CLKCTRL_Initialize

.text.I2C0_set_callback
                0x0000000000001862       0x4a
 .text.I2C0_set_callback
                0x0000000000001862       0x4a build/default/production/mcc_generated_files/src/twi0_master.o

.text.I2C0_Close
                0x00000000000018ac       0x48
 .text.I2C0_Close
                0x00000000000018ac       0x48 build/default/production/mcc_generated_files/src/twi0_master.o
                0x00000000000018ac                I2C0_Close

.text.I2C0_DO_ADDRESS_NACK
                0x00000000000018f4       0x44
 .text.I2C0_DO_ADDRESS_NACK
                0x00000000000018f4       0x44 build/default/production/mcc_generated_files/src/twi0_master.o

.text.__fmt_state
                0x0000000000001938       0x40
 .text.__fmt_state
                0x0000000000001938       0x40 c:/program files/microchip/xc8/v2.36/avr/bin/../lib/gcc/avr/5.4.0/../../../../avr/lib/avrxmega3\libc.a(__printf_core.o)
                0x0000000000001938                __fmt_state

.text.__pop_float
                0x0000000000001978       0x40
 .text.__pop_float
                0x0000000000001978       0x40 c:/program files/microchip/xc8/v2.36/avr/bin/../lib/gcc/avr/5.4.0/../../../../avr/lib/avrxmega3\libc.a(__pop_float.o)
                0x0000000000001978                __pop_float_needed
                0x0000000000001978                __pop_float

.text.I2C0_DO_BUS_COLLISION
                0x00000000000019b8       0x3e
 .text.I2C0_DO_BUS_COLLISION
                0x00000000000019b8       0x3e build/default/production/mcc_generated_files/src/twi0_master.o

.text.libgcc.builtins
                0x00000000000019f6       0x3c
 .text.libgcc.builtins
                0x00000000000019f6       0x3c c:/program files/microchip/xc8/v2.36/avr/bin/../lib/gcc/avr/5.4.0/avrxmega3\libgcc.a(_ashrdi3.o)
                0x00000000000019f6                __ashrdi3
                0x00000000000019fa                __lshrdi3

.text.__out     0x0000000000001a32       0x3a
 .text.__out    0x0000000000001a32       0x3a c:/program files/microchip/xc8/v2.36/avr/bin/../lib/gcc/avr/5.4.0/../../../../avr/lib/avrxmega3\libc.a(__printf_core.o)
                0x0000000000001a32                __out

.text.I2C0_MasterOperation
                0x0000000000001a6c       0x32
 .text.I2C0_MasterOperation
                0x0000000000001a6c       0x32 build/default/production/mcc_generated_files/src/twi0_master.o
                0x0000000000001a6c                I2C0_MasterOperation

.text.main      0x0000000000001a9e       0x32
 .text.main     0x0000000000001a9e       0x32 build/default/production/main.o
                0x0000000000001a9e                main

.text.libgcc.prologue
                0x0000000000001ad0       0x32
 .text.libgcc.prologue
                0x0000000000001ad0       0x32 c:/program files/microchip/xc8/v2.36/avr/bin/../lib/gcc/avr/5.4.0/avrxmega3\libgcc.a(_prologue.o)
                0x0000000000001ad0                __prologue_saves__

.text.USART3_Initialize
                0x0000000000001b02       0x30
 .text.USART3_Initialize
                0x0000000000001b02       0x30 build/default/production/mcc_generated_files/src/usart3.o
                0x0000000000001b02                USART3_Initialize

.text.__wrap_printf
                0x0000000000001b32       0x30
 .text.__wrap_printf
                0x0000000000001b32       0x30 c:/program files/microchip/xc8/v2.36/avr/bin/../lib/gcc/avr/5.4.0/../../../../avr/lib/avrxmega3\libc.a(__sio_printf_doux.o)
                0x0000000000001b32                _printf_cdnopuxX

.text.__vfprintf
                0x0000000000001b62       0x30
 .text.__vfprintf
                0x0000000000001b62       0x30 c:/program files/microchip/xc8/v2.36/avr/bin/../lib/gcc/avr/5.4.0/../../../../avr/lib/avrxmega3\libc.a(__int_vfprintf.o)
                0x0000000000001b62                __vfprintf

.text.libgcc.prologue
                0x0000000000001b92       0x30
 .text.libgcc.prologue
                0x0000000000001b92       0x30 c:/program files/microchip/xc8/v2.36/avr/bin/../lib/gcc/avr/5.4.0/avrxmega3\libgcc.a(_epilogue.o)
                0x0000000000001b92                __epilogue_restores__

.rodata         0x0000000000805bc2       0x28 load address 0x0000000000001bc2
 .rodata        0x0000000000805bc2       0x28 build/default/production/main.o

.text.I2C0_Poller
                0x0000000000001bea       0x24
 .text.I2C0_Poller
                0x0000000000001bea       0x24 build/default/production/mcc_generated_files/src/twi0_master.o
                0x0000000000001bea                I2C0_Poller

.text.I2C0_SetBuffer
                0x0000000000001c0e       0x22
 .text.I2C0_SetBuffer
                0x0000000000001c0e       0x22 build/default/production/mcc_generated_files/src/twi0_master.o
                0x0000000000001c0e                I2C0_SetBuffer

.text.SYSTEM_Initialize
                0x0000000000001c30       0x22
 .text.SYSTEM_Initialize
                0x0000000000001c30       0x22 build/default/production/mcc_generated_files/mcc.o
                0x0000000000001c30                SYSTEM_Initialize

.text.libgcc    0x0000000000001c52       0x20
 .text.libgcc   0x0000000000001c52       0x20 c:/program files/microchip/xc8/v2.36/avr/bin/../lib/gcc/avr/5.4.0/avrxmega3\libgcc.a(_negdi2.o)
                0x0000000000001c52                __negdi2

.text.I2C0_Initialize
                0x0000000000001c72       0x1c
 .text.I2C0_Initialize
                0x0000000000001c72       0x1c build/default/production/mcc_generated_files/src/twi0_master.o
                0x0000000000001c72                I2C0_Initialize

.text.strlen    0x0000000000001c8e       0x1c
 .text.strlen   0x0000000000001c8e       0x1c c:/program files/microchip/xc8/v2.36/avr/bin/../lib/gcc/avr/5.4.0/../../../../avr/lib/avrxmega3\libc.a(strlen.o)
                0x0000000000001c8e                strlen

.text.libgcc.div
                0x0000000000001caa       0x1c
 .text.libgcc.div
                0x0000000000001caa       0x1c c:/program files/microchip/xc8/v2.36/avr/bin/../lib/gcc/avr/5.4.0/avrxmega3\libgcc.a(_udivdi3.o)
                0x0000000000001caa                __umoddi3
                0x0000000000001cae                __udivdi3
                0x0000000000001cb0                __udivdi3_umoddi3

.text.I2C0_DO_SEND_ADR_READ
                0x0000000000001cc6       0x1a
 .text.I2C0_DO_SEND_ADR_READ
                0x0000000000001cc6       0x1a build/default/production/mcc_generated_files/src/twi0_master.o

.text.I2C0_DO_RX_NACK_STOP
                0x0000000000001ce0       0x1a
 .text.I2C0_DO_RX_NACK_STOP
                0x0000000000001ce0       0x1a build/default/production/mcc_generated_files/src/twi0_master.o

.text.rd2RegCompleteHandler
                0x0000000000001cfa       0x18
 .text.rd2RegCompleteHandler
                0x0000000000001cfa       0x18 build/default/production/mcc_generated_files/drivers/i2c_simple_master.o

.text.I2C0_DO_SEND_ADR_WRITE
                0x0000000000001d12       0x18
 .text.I2C0_DO_SEND_ADR_WRITE
                0x0000000000001d12       0x18 build/default/production/mcc_generated_files/src/twi0_master.o

.text.I2C0_DO_BUS_ERROR
                0x0000000000001d2a       0x18
 .text.I2C0_DO_BUS_ERROR
                0x0000000000001d2a       0x18 build/default/production/mcc_generated_files/src/twi0_master.o

.text.CPUINT_Initialize
                0x0000000000001d42       0x18
 .text.CPUINT_Initialize
                0x0000000000001d42       0x18 build/default/production/mcc_generated_files/src/cpuint.o
                0x0000000000001d42                CPUINT_Initialize

.text.BOD_Initialize
                0x0000000000001d5a       0x18
 .text.BOD_Initialize
                0x0000000000001d5a       0x18 build/default/production/mcc_generated_files/mcc.o
                0x0000000000001d5a                BOD_Initialize

.text.libgcc    0x0000000000001d72       0x18
 .text.libgcc   0x0000000000001d72       0x18 c:/program files/microchip/xc8/v2.36/avr/bin/../lib/gcc/avr/5.4.0/avrxmega3\libgcc.a(_cmpdi2_s8.o)
                0x0000000000001d72                __cmpdi2_s8

.text.I2C0_DO_RESET
                0x0000000000001d8a       0x16
 .text.I2C0_DO_RESET
                0x0000000000001d8a       0x16 build/default/production/mcc_generated_files/src/twi0_master.o

.text.I2C0_DO_SEND_STOP
                0x0000000000001da0       0x16
 .text.I2C0_DO_SEND_STOP
                0x0000000000001da0       0x16 build/default/production/mcc_generated_files/src/twi0_master.o

.text.exit      0x0000000000001db6       0x16
 .text.exit     0x0000000000001db6       0x16 c:/program files/microchip/xc8/v2.36/avr/bin/../lib/gcc/avr/5.4.0/../../../../avr/lib/avrxmega3\libc.a(exit.o)
                0x0000000000001db6                exit

.rodata.state_table
                0x0000000000805dcc       0x16 load address 0x0000000000001dcc
 .rodata.state_table
                0x0000000000805dcc       0x16 c:/program files/microchip/xc8/v2.36/avr/bin/../lib/gcc/avr/5.4.0/../../../../avr/lib/avrxmega3\libc.a(__printf_core.o)

.text.I2C0_DO_IDLE
                0x0000000000001de2       0x12
 .text.I2C0_DO_IDLE
                0x0000000000001de2       0x12 build/default/production/mcc_generated_files/src/twi0_master.o

.text.I2C0_MasterResetBus
                0x0000000000001df4       0x12
 .text.I2C0_MasterResetBus
                0x0000000000001df4       0x12 build/default/production/mcc_generated_files/src/twi0_master.o
                0x0000000000001df4                I2C0_MasterResetBus

.text.I2C0_MasterWaitForEvent
                0x0000000000001e06       0x12
 .text.I2C0_MasterWaitForEvent
                0x0000000000001e06       0x12 build/default/production/mcc_generated_files/src/twi0_master.o
                0x0000000000001e06                I2C0_MasterWaitForEvent

.text.memset    0x0000000000001e18       0x12
 .text.memset   0x0000000000001e18       0x12 c:/program files/microchip/xc8/v2.36/avr/bin/../lib/gcc/avr/5.4.0/../../../../avr/lib/avrxmega3\libc.a(memset.o)
                0x0000000000001e18                memset

.text.toupper   0x0000000000001e2a       0x12
 .text.toupper  0x0000000000001e2a       0x12 c:/program files/microchip/xc8/v2.36/avr/bin/../lib/gcc/avr/5.4.0/../../../../avr/lib/avrxmega3\libc.a(toupper.o)
                0x0000000000001e2a                toupper

.text.USART3_Write
                0x0000000000001e3c       0x10
 .text.USART3_Write
                0x0000000000001e3c       0x10 build/default/production/mcc_generated_files/src/usart3.o
                0x0000000000001e3c                USART3_Write

.text.SLPCTRL_Initialize
                0x0000000000001e4c       0x10
 .text.SLPCTRL_Initialize
                0x0000000000001e4c       0x10 build/default/production/mcc_generated_files/mcc.o
                0x0000000000001e4c                SLPCTRL_Initialize

.text.WDT_Initialize
                0x0000000000001e5c       0x10
 .text.WDT_Initialize
                0x0000000000001e5c       0x10 build/default/production/mcc_generated_files/mcc.o
                0x0000000000001e5c                WDT_Initialize

.text.tolower   0x0000000000001e6c       0x10
 .text.tolower  0x0000000000001e6c       0x10 c:/program files/microchip/xc8/v2.36/avr/bin/../lib/gcc/avr/5.4.0/../../../../avr/lib/avrxmega3\libc.a(tolower.o)
                0x0000000000001e6c                tolower

.text.I2C0_SetDataCompleteCallback
                0x0000000000001e7c        0xc
 .text.I2C0_SetDataCompleteCallback
                0x0000000000001e7c        0xc build/default/production/mcc_generated_files/src/twi0_master.o
                0x0000000000001e7c                I2C0_SetDataCompleteCallback

.text.I2C0_SetAddressNackCallback
                0x0000000000001e88        0xc
 .text.I2C0_SetAddressNackCallback
                0x0000000000001e88        0xc build/default/production/mcc_generated_files/src/twi0_master.o
                0x0000000000001e88                I2C0_SetAddressNackCallback

.text.I2C0_MasterDisableIrq
                0x0000000000001e94        0xc
 .text.I2C0_MasterDisableIrq
                0x0000000000001e94        0xc build/default/production/mcc_generated_files/src/twi0_master.o
                0x0000000000001e94                I2C0_MasterDisableIrq

.text.I2C0_MasterClearIrq
                0x0000000000001ea0        0xc
 .text.I2C0_MasterClearIrq
                0x0000000000001ea0        0xc build/default/production/mcc_generated_files/src/twi0_master.o
                0x0000000000001ea0                I2C0_MasterClearIrq

.text.I2C0_MasterBusErrorOverride
                0x0000000000001eac        0xc
 .text.I2C0_MasterBusErrorOverride
                0x0000000000001eac        0xc build/default/production/mcc_generated_files/src/twi0_master.o
                0x0000000000001eac                I2C0_MasterBusErrorOverride

.text.I2C0_MasterArbitrationlostOverride
                0x0000000000001eb8        0xc
 .text.I2C0_MasterArbitrationlostOverride
                0x0000000000001eb8        0xc build/default/production/mcc_generated_files/src/twi0_master.o
                0x0000000000001eb8                I2C0_MasterArbitrationlostOverride

.text.I2C0_MasterIsRxOrTx
                0x0000000000001ec4        0xc
 .text.I2C0_MasterIsRxOrTx
                0x0000000000001ec4        0xc build/default/production/mcc_generated_files/src/twi0_master.o
                0x0000000000001ec4                I2C0_MasterIsRxOrTx

.text.I2C0_MasterClearBusCollision
                0x0000000000001ed0        0xc
 .text.I2C0_MasterClearBusCollision
                0x0000000000001ed0        0xc build/default/production/mcc_generated_files/src/twi0_master.o
                0x0000000000001ed0                I2C0_MasterClearBusCollision

.text.I2C0_MasterStop
                0x0000000000001edc        0xc
 .text.I2C0_MasterStop
                0x0000000000001edc        0xc build/default/production/mcc_generated_files/src/twi0_master.o
                0x0000000000001edc                I2C0_MasterStop

.text.I2C0_MasterSendAck
                0x0000000000001ee8        0xc
 .text.I2C0_MasterSendAck
                0x0000000000001ee8        0xc build/default/production/mcc_generated_files/src/twi0_master.o
                0x0000000000001ee8                I2C0_MasterSendAck

.text.I2C0_MasterSendNack
                0x0000000000001ef4        0xc
 .text.I2C0_MasterSendNack
                0x0000000000001ef4        0xc build/default/production/mcc_generated_files/src/twi0_master.o
                0x0000000000001ef4                I2C0_MasterSendNack

.text.__vector_2
                0x0000000000001f00        0xc
 .text.__vector_2
                0x0000000000001f00        0xc build/default/production/mcc_generated_files/mcc.o
                0x0000000000001f00                __vector_2

.text.I2C0_MasterIsNack
                0x0000000000001f0c        0xa
 .text.I2C0_MasterIsNack
                0x0000000000001f0c        0xa build/default/production/mcc_generated_files/src/twi0_master.o
                0x0000000000001f0c                I2C0_MasterIsNack

.text.USART3_printCHAR
                0x0000000000001f16        0xa
 .text.USART3_printCHAR
                0x0000000000001f16        0xa build/default/production/mcc_generated_files/src/usart3.o
                0x0000000000001f16                USART3_printCHAR

.text.I2C0_MasterWrite
                0x0000000000001f20        0x8
 .text.I2C0_MasterWrite
                0x0000000000001f20        0x8 build/default/production/mcc_generated_files/src/twi0_master.o
                0x0000000000001f20                I2C0_MasterWrite

.text.I2C0_DO_TX_ACK
                0x0000000000001f28        0x8
 .text.I2C0_DO_TX_ACK
                0x0000000000001f28        0x8 build/default/production/mcc_generated_files/src/twi0_master.o

.text.I2C0_DO_RX_ACK
                0x0000000000001f30        0x8
 .text.I2C0_DO_RX_ACK
                0x0000000000001f30        0x8 build/default/production/mcc_generated_files/src/twi0_master.o

.text.I2C0_DO_RX_NACK_RESTART
                0x0000000000001f38        0x8
 .text.I2C0_DO_RX_NACK_RESTART
                0x0000000000001f38        0x8 build/default/production/mcc_generated_files/src/twi0_master.o

.text.protected_write_io
                0x0000000000001f40        0x8
 .text.protected_write_io
                0x0000000000001f40        0x8 build/default/production/mcc_generated_files/src/protected_io.o
                0x0000000000001f40                protected_write_io

.rodata         0x0000000000805f48        0x7 load address 0x0000000000001f48
 .rodata        0x0000000000805f48        0x7 c:/program files/microchip/xc8/v2.36/avr/bin/../lib/gcc/avr/5.4.0/../../../../avr/lib/avrxmega3\libc.a(__fmt_s.o)

.text.I2C0_DO_SEND_RESTART
                0x0000000000001f50        0x6
 .text.I2C0_DO_SEND_RESTART
                0x0000000000001f50        0x6 build/default/production/mcc_generated_files/src/twi0_master.o

.text.I2C0_DO_SEND_RESTART_READ
                0x0000000000001f56        0x6
 .text.I2C0_DO_SEND_RESTART_READ
                0x0000000000001f56        0x6 build/default/production/mcc_generated_files/src/twi0_master.o

.text.I2C0_DO_SEND_RESTART_WRITE
                0x0000000000001f5c        0x6
 .text.I2C0_DO_SEND_RESTART_WRITE
                0x0000000000001f5c        0x6 build/default/production/mcc_generated_files/src/twi0_master.o

.text.__dummy_fmt4
                0x0000000000001f62        0x6
 .text.__dummy_fmt4
                0x0000000000001f62        0x6 c:/program files/microchip/xc8/v2.36/avr/bin/../lib/gcc/avr/5.4.0/../../../../avr/lib/avrxmega3\libc.a(__printf_core.o)
                0x0000000000001f62                __fmt_fp
                0x0000000000001f62                __fmt_a

.rodata         0x0000000000805f68        0x6 load address 0x0000000000001f68
 .rodata        0x0000000000805f68        0x6 c:/program files/microchip/xc8/v2.36/avr/bin/../lib/gcc/avr/5.4.0/../../../../avr/lib/avrxmega3\libc.a(__printf_core.o)

.text           0x0000000000001f6e        0x4
 .text          0x0000000000001f6e        0x4 C:/Program Files/Microchip/MPLABX/v6.05/packs/Microchip/ATmega_DFP/3.0.158/xc8/avr/lib/avrxmega3/crtatmega4809.o
                0x0000000000001f6e                __vector_38
                0x0000000000001f6e                __vector_22
                0x0000000000001f6e                __vector_28
                0x0000000000001f6e                __vector_1
                0x0000000000001f6e                __vector_32
                0x0000000000001f6e                __vector_34
                0x0000000000001f6e                __vector_24
                0x0000000000001f6e                __vector_12
                0x0000000000001f6e                __bad_interrupt
                0x0000000000001f6e                __vector_6
                0x0000000000001f6e                __vector_31
                0x0000000000001f6e                __vector_35
                0x0000000000001f6e                __vector_39
                0x0000000000001f6e                __vector_3
                0x0000000000001f6e                __vector_23
                0x0000000000001f6e                __vector_30
                0x0000000000001f6e                __vector_25
                0x0000000000001f6e                __vector_11
                0x0000000000001f6e                __vector_13
                0x0000000000001f6e                __vector_17
                0x0000000000001f6e                __vector_19
                0x0000000000001f6e                __vector_7
                0x0000000000001f6e                __vector_27
                0x0000000000001f6e                __vector_5
                0x0000000000001f6e                __vector_33
                0x0000000000001f6e                __vector_37
                0x0000000000001f6e                __vector_4
                0x0000000000001f6e                __vector_9
                0x0000000000001f6e                __vector_21
                0x0000000000001f6e                __vector_15
                0x0000000000001f6e                __vector_36
                0x0000000000001f6e                __vector_29
                0x0000000000001f6e                __vector_8
                0x0000000000001f6e                __vector_26
                0x0000000000001f6e                __vector_14
                0x0000000000001f6e                __vector_10
                0x0000000000001f6e                __vector_16
                0x0000000000001f6e                __vector_18
                0x0000000000001f6e                __vector_20

.text.I2C0_RETURN_STOP
                0x0000000000001f72        0x4
 .text.I2C0_RETURN_STOP
                0x0000000000001f72        0x4 build/default/production/mcc_generated_files/src/twi0_master.o

.text.I2C0_RETURN_RESET
                0x0000000000001f76        0x4
 .text.I2C0_RETURN_RESET
                0x0000000000001f76        0x4 build/default/production/mcc_generated_files/src/twi0_master.o

.text.I2C0_SetRestartWriteCallback
                0x0000000000001f7a        0x4
 .text.I2C0_SetRestartWriteCallback
                0x0000000000001f7a        0x4 build/default/production/mcc_generated_files/src/twi0_master.o
                0x0000000000001f7a                I2C0_SetRestartWriteCallback

.text._Exit     0x0000000000001f7e        0x4
 .text._Exit    0x0000000000001f7e        0x4 c:/program files/microchip/xc8/v2.36/avr/bin/../lib/gcc/avr/5.4.0/../../../../avr/lib/avrxmega3\libc.a(_Exit.o)
                0x0000000000001f7e                _Exit

.text.__dummy_fini
                0x0000000000001f82        0x2
 .text.__dummy_fini
                0x0000000000001f82        0x2 c:/program files/microchip/xc8/v2.36/avr/bin/../lib/gcc/avr/5.4.0/../../../../avr/lib/avrxmega3\libc.a(exit.o)
                0x0000000000001f82                _fini

.text.__dummy_funcs_on_exit
                0x0000000000001f84        0x2
 .text.__dummy_funcs_on_exit
                0x0000000000001f84        0x2 c:/program files/microchip/xc8/v2.36/avr/bin/../lib/gcc/avr/5.4.0/../../../../avr/lib/avrxmega3\libc.a(exit.o)
                0x0000000000001f84                __funcs_on_exit

.text.__dummy_simulator_exit
                0x0000000000001f86        0x2
 .text.__dummy_simulator_exit
                0x0000000000001f86        0x2 c:/program files/microchip/xc8/v2.36/avr/bin/../lib/gcc/avr/5.4.0/../../../../avr/lib/avrxmega3\libc.a(exit.o)
                0x0000000000001f86                __simulator_exit

.data.I2C0_fsmStateTable
                0x0000000000802802       0x24 load address 0x0000000000001f88
 .data.I2C0_fsmStateTable
                0x0000000000802802       0x24 build/default/production/mcc_generated_files/src/twi0_master.o
                0x0000000000802802                I2C0_fsmStateTable

.data.USART3_stream
                0x000000000080284a       0x10 load address 0x0000000000001fac
 .data.USART3_stream
                0x000000000080284a       0x10 build/default/production/mcc_generated_files/src/usart3.o
                0x000000000080284a                USART3_stream

.data._stdout   0x000000000080285a        0x2 load address 0x0000000000001fbc
 .data._stdout  0x000000000080285a        0x2 c:/program files/microchip/xc8/v2.36/avr/bin/../lib/gcc/avr/5.4.0/../../../../avr/lib/avrxmega3\libc.a(stdout.o)
                0x000000000080285a                _stdout
